[1/15] cl /c /Zc:__cplusplus /Zp8 /GR /W3 /EHs /nologo /MD /D_CRT_SECURE_NO_DEPRECATE /D_SCL_SECURE_NO_DEPRECATE /D_SECURE_SCL=0   /DMATLAB_MEX_FILE  /DMATLAB_MEX_FILE /O2 /Oy- /DNDEBUG /fp:strict /utf-8 /I "." /I "D:\BaiduSyncdisk\working papers\Parallel computation with Mex\code_github\Code stochastGrowth" /I ".\interface" /I "D:\Matlab_2026a\extern\include" /I "." -DMODEL=rbc_solver_interp_parfor_mex /openmp /wd4101  rt_nonfinite.c /Fobuild\win64\rt_nonfinite.obj
rt_nonfinite.c
[2/15] cl /c /Zc:__cplusplus /Zp8 /GR /W3 /EHs /nologo /MD /D_CRT_SECURE_NO_DEPRECATE /D_SCL_SECURE_NO_DEPRECATE /D_SECURE_SCL=0   /DMATLAB_MEX_FILE  /DMATLAB_MEX_FILE /O2 /Oy- /DNDEBUG /fp:strict /utf-8 /I "." /I "D:\BaiduSyncdisk\working papers\Parallel computation with Mex\code_github\Code stochastGrowth" /I ".\interface" /I "D:\Matlab_2026a\extern\include" /I "." -DMODEL=rbc_solver_interp_parfor_mex /openmp /wd4101  rbc_solver_interp_parfor_data.c /Fobuild\win64\rbc_solver_interp_parfor_data.obj
rbc_solver_interp_parfor_data.c
[3/15] cl /c /Zc:__cplusplus /Zp8 /GR /W3 /EHs /nologo /MD /D_CRT_SECURE_NO_DEPRECATE /D_SCL_SECURE_NO_DEPRECATE /D_SECURE_SCL=0   /DMATLAB_MEX_FILE  /DMATLAB_MEX_FILE /O2 /Oy- /DNDEBUG /fp:strict /utf-8 /I "." /I "D:\BaiduSyncdisk\working papers\Parallel computation with Mex\code_github\Code stochastGrowth" /I ".\interface" /I "D:\Matlab_2026a\extern\include" /I "." -DMODEL=rbc_solver_interp_parfor_mex /openmp /wd4101  rbc_solver_interp_parfor_initialize.c /Fobuild\win64\rbc_solver_interp_parfor_initialize.obj
rbc_solver_interp_parfor_initialize.c
[4/15] cl /c /Zc:__cplusplus /Zp8 /GR /W3 /EHs /nologo /MD /D_CRT_SECURE_NO_DEPRECATE /D_SCL_SECURE_NO_DEPRECATE /D_SECURE_SCL=0   /DMATLAB_MEX_FILE  /DMATLAB_MEX_FILE /O2 /Oy- /DNDEBUG /fp:strict /utf-8 /I "." /I "D:\BaiduSyncdisk\working papers\Parallel computation with Mex\code_github\Code stochastGrowth" /I ".\interface" /I "D:\Matlab_2026a\extern\include" /I "." -DMODEL=rbc_solver_interp_parfor_mex /openmp /wd4101  mtimes.c /Fobuild\win64\mtimes.obj
mtimes.c
[5/15] cl /c /Zc:__cplusplus /Zp8 /GR /W3 /EHs /nologo /MD /D_CRT_SECURE_NO_DEPRECATE /D_SCL_SECURE_NO_DEPRECATE /D_SECURE_SCL=0   /DMATLAB_MEX_FILE  /DMATLAB_MEX_FILE /O2 /Oy- /DNDEBUG /fp:strict /utf-8 /I "." /I "D:\BaiduSyncdisk\working papers\Parallel computation with Mex\code_github\Code stochastGrowth" /I ".\interface" /I "D:\Matlab_2026a\extern\include" /I "." -DMODEL=rbc_solver_interp_parfor_mex /openmp /wd4101  tic.c /Fobuild\win64\tic.obj
tic.c
[6/15] cl /c /Zc:__cplusplus /Zp8 /GR /W3 /EHs /nologo /MD /D_CRT_SECURE_NO_DEPRECATE /D_SCL_SECURE_NO_DEPRECATE /D_SECURE_SCL=0   /DMATLAB_MEX_FILE  /DMATLAB_MEX_FILE /O2 /Oy- /DNDEBUG /fp:strict /utf-8 /I "." /I "D:\BaiduSyncdisk\working papers\Parallel computation with Mex\code_github\Code stochastGrowth" /I ".\interface" /I "D:\Matlab_2026a\extern\include" /I "." -DMODEL=rbc_solver_interp_parfor_mex /openmp /wd4101  rbc_solver_interp_parfor_terminate.c /Fobuild\win64\rbc_solver_interp_parfor_terminate.obj
rbc_solver_interp_parfor_terminate.c
[7/15] cl /c /Zc:__cplusplus /Zp8 /GR /W3 /EHs /nologo /MD /D_CRT_SECURE_NO_DEPRECATE /D_SCL_SECURE_NO_DEPRECATE /D_SECURE_SCL=0   /DMATLAB_MEX_FILE  /DMATLAB_MEX_FILE /O2 /Oy- /DNDEBUG /fp:strict /utf-8 /I "." /I "D:\BaiduSyncdisk\working papers\Parallel computation with Mex\code_github\Code stochastGrowth" /I ".\interface" /I "D:\Matlab_2026a\extern\include" /I "." -DMODEL=rbc_solver_interp_parfor_mex /openmp /wd4101  toc.c /Fobuild\win64\toc.obj
toc.c
[8/15] cl /c /Zc:__cplusplus /Zp8 /GR /W3 /EHs /nologo /MD /D_CRT_SECURE_NO_DEPRECATE /D_SCL_SECURE_NO_DEPRECATE /D_SECURE_SCL=0   /DMATLAB_MEX_FILE  /DMATLAB_MEX_FILE /O2 /Oy- /DNDEBUG /fp:strict /utf-8 /I "." /I "D:\BaiduSyncdisk\working papers\Parallel computation with Mex\code_github\Code stochastGrowth" /I ".\interface" /I "D:\Matlab_2026a\extern\include" /I "." -DMODEL=rbc_solver_interp_parfor_mex /openmp /wd4101  interface\_coder_rbc_solver_interp_parfor_api.c /Fobuild\win64\_coder_rbc_solver_interp_parfor_api.obj
_coder_rbc_solver_interp_parfor_api.c
[9/15] cl /c /Zc:__cplusplus /Zp8 /GR /W3 /EHs /nologo /MD /D_CRT_SECURE_NO_DEPRECATE /D_SCL_SECURE_NO_DEPRECATE /D_SECURE_SCL=0   /DMATLAB_MEX_FILE  /DMATLAB_MEX_FILE /O2 /Oy- /DNDEBUG /fp:strict /utf-8 /I "." /I "D:\BaiduSyncdisk\working papers\Parallel computation with Mex\code_github\Code stochastGrowth" /I ".\interface" /I "D:\Matlab_2026a\extern\include" /I "." -DMODEL=rbc_solver_interp_parfor_mex /openmp /wd4101  interface\_coder_rbc_solver_interp_parfor_mex.c /Fobuild\win64\_coder_rbc_solver_interp_parfor_mex.obj
_coder_rbc_solver_interp_parfor_mex.c
[10/15] cl /c /Zc:__cplusplus /Zp8 /GR /W3 /EHs /nologo /MD /D_CRT_SECURE_NO_DEPRECATE /D_SCL_SECURE_NO_DEPRECATE /D_SECURE_SCL=0   /DMATLAB_MEX_FILE  /DMATLAB_MEX_FILE /O2 /Oy- /DNDEBUG /fp:strict /utf-8 /I "." /I "D:\BaiduSyncdisk\working papers\Parallel computation with Mex\code_github\Code stochastGrowth" /I ".\interface" /I "D:\Matlab_2026a\extern\include" /I "." -DMODEL=rbc_solver_interp_parfor_mex /openmp /wd4101  D:\Matlab_2026a\extern\version\c_mexapi_version.c /Fobuild\win64\c_mexapi_version.obj
c_mexapi_version.c
[11/15] cl /c /Zc:__cplusplus /Zp8 /GR /W3 /EHs /nologo /MD /D_CRT_SECURE_NO_DEPRECATE /D_SCL_SECURE_NO_DEPRECATE /D_SECURE_SCL=0   /DMATLAB_MEX_FILE  /DMATLAB_MEX_FILE /O2 /Oy- /DNDEBUG /fp:strict /utf-8 /I "." /I "D:\BaiduSyncdisk\working papers\Parallel computation with Mex\code_github\Code stochastGrowth" /I ".\interface" /I "D:\Matlab_2026a\extern\include" /I "." -DMODEL=rbc_solver_interp_parfor_mex /openmp /wd4101  rbc_solver_interp_parfor_mexutil.c /Fobuild\win64\rbc_solver_interp_parfor_mexutil.obj
rbc_solver_interp_parfor_mexutil.c
[12/15] cl /c /Zc:__cplusplus /Zp8 /GR /W3 /EHs /nologo /MD /D_CRT_SECURE_NO_DEPRECATE /D_SCL_SECURE_NO_DEPRECATE /D_SECURE_SCL=0   /DMATLAB_MEX_FILE  /DMATLAB_MEX_FILE /O2 /Oy- /DNDEBUG /fp:strict /utf-8 /I "." /I "D:\BaiduSyncdisk\working papers\Parallel computation with Mex\code_github\Code stochastGrowth" /I ".\interface" /I "D:\Matlab_2026a\extern\include" /I "." -DMODEL=rbc_solver_interp_parfor_mex /openmp /wd4101  brent_min.c /Fobuild\win64\brent_min.obj
brent_min.c
[13/15] cl /c /Zc:__cplusplus /Zp8 /GR /W3 /EHs /nologo /MD /D_CRT_SECURE_NO_DEPRECATE /D_SCL_SECURE_NO_DEPRECATE /D_SECURE_SCL=0   /DMATLAB_MEX_FILE  /DMATLAB_MEX_FILE /O2 /Oy- /DNDEBUG /fp:strict /utf-8 /I "." /I "D:\BaiduSyncdisk\working papers\Parallel computation with Mex\code_github\Code stochastGrowth" /I ".\interface" /I "D:\Matlab_2026a\extern\include" /I "." -DMODEL=rbc_solver_interp_parfor_mex /openmp /wd4101  interface\_coder_rbc_solver_interp_parfor_info.c /Fobuild\win64\_coder_rbc_solver_interp_parfor_info.obj
_coder_rbc_solver_interp_parfor_info.c
[14/15] cl /c /Zc:__cplusplus /Zp8 /GR /W3 /EHs /nologo /MD /D_CRT_SECURE_NO_DEPRECATE /D_SCL_SECURE_NO_DEPRECATE /D_SECURE_SCL=0   /DMATLAB_MEX_FILE  /DMATLAB_MEX_FILE /O2 /Oy- /DNDEBUG /fp:strict /utf-8 /I "." /I "D:\BaiduSyncdisk\working papers\Parallel computation with Mex\code_github\Code stochastGrowth" /I ".\interface" /I "D:\Matlab_2026a\extern\include" /I "." -DMODEL=rbc_solver_interp_parfor_mex /openmp /wd4101  rbc_solver_interp_parfor.c /Fobuild\win64\rbc_solver_interp_parfor.obj
rbc_solver_interp_parfor.c
[15/15] link @rbc_solver_interp_parfor_mex.mexw64.rsp  /nologo    /DLL /LIBPATH:"D:\Matlab_2026a\extern\lib\win64\microsoft" libmx.lib libmex.lib libmat.lib kernel32.lib user32.lib gdi32.lib winspool.lib comdlg32.lib advapi32.lib shell32.lib ole32.lib oleaut32.lib uuid.lib odbc32.lib odbccp32.lib  /out:"rbc_solver_interp_parfor_mex.mexw64" /LIBPATH:"D:\Matlab_2026a\extern\lib\win64\microsoft" libmwblas.lib libemlrt.lib libcovrt.lib libut.lib libmwmathutil.lib libiomp5md.lib /nodefaultlib:vcomp /LIBPATH:"D:\Matlab_2026a\bin\win64" /export:mexFunction /export:mexfilerequiredapiversion /export:emlrtMexFcnProperties /export:rbc_solver_interp_parfor /export:rbc_solver_interp_parfor_initialize /export:rbc_solver_interp_parfor_terminate /export:rbc_solver_interp_parfor_atexit /export:emlrtInitThreadStackData /export:emlrtGetThreadStackData /export:emlrtFreeThreadStackData
   Creating library rbc_solver_interp_parfor_mex.lib and object rbc_solver_interp_parfor_mex.exp
