[1/15] cl /c /Zc:__cplusplus /Zp8 /GR /W3 /EHs /nologo /MD /D_CRT_SECURE_NO_DEPRECATE /D_SCL_SECURE_NO_DEPRECATE /D_SECURE_SCL=0   /DMATLAB_MEX_FILE  /DMATLAB_MEX_FILE /O2 /Oy- /DNDEBUG /fp:strict /utf-8 /I "." /I "D:\BaiduSyncdisk\working papers\Parallel computation with Mex\code_github\Code heteroAgents" /I "D:\Matlab_2026a\toolbox\gpucoder\src\gpucoderrt\export\include\gpucoderrt" /I "D:\Matlab_2026a\sys\cuda\win64\cuda\include" /I ".\interface" /I "D:\Matlab_2026a\extern\include" /I "." -DMW_CUDA_ARCH=900 -DMW_GPU_MEMORY_MANAGER -DMODEL=fun_return_cudaVS_mex -DMW_NEEDS_VERSION_H   interface\_coder_fun_return_cuda_info.cpp /Fobuild\win64\_coder_fun_return_cuda_info.obj
_coder_fun_return_cuda_info.cpp
[2/15] nvcc -c -rdc=true -Wno-deprecated-gpu-targets -Xcompiler "/wd 4819" -Xcompiler "/MD" -Xcudafe "--display_error_number --diag_suppress=2381 --diag_suppress=unsigned_compare_with_zero --diag_suppress=useless_type_qualifier_on_return_type" -D_GNU_SOURCE -DMATLAB_MEX_FILE --no-exceptions -Xcompiler "/EHa" -noprof -ldir "D:\Matlab_2026a/bin/win64" -Xcompiler "/utf-8" -I "." -I "D:\BaiduSyncdisk\working papers\Parallel computation with Mex\code_github\Code heteroAgents" -I "D:\Matlab_2026a\toolbox\gpucoder\src\gpucoderrt\export\include\gpucoderrt" -I "D:\Matlab_2026a\sys\cuda\win64\cuda\include" -I ".\interface" -I "D:\Matlab_2026a\extern\include" -I "." -DMW_CUDA_ARCH=900 -DMW_GPU_MEMORY_MANAGER -DMODEL=fun_return_cudaVS_mex -DMW_NEEDS_VERSION_H  -arch sm_90 -dlto -I "D:\Matlab_2026a/simulink/include" -I "D:\Matlab_2026a/toolbox/shared/simtargets" MWLaunchParametersUtilities.cpp -o build\win64\MWLaunchParametersUtilities.obj
MWLaunchParametersUtilities.cpp
[3/15] nvcc -c -rdc=true -Wno-deprecated-gpu-targets -Xcompiler "/wd 4819" -Xcompiler "/MD" -Xcudafe "--display_error_number --diag_suppress=2381 --diag_suppress=unsigned_compare_with_zero --diag_suppress=useless_type_qualifier_on_return_type" -D_GNU_SOURCE -DMATLAB_MEX_FILE --no-exceptions -Xcompiler "/EHa" -noprof -ldir "D:\Matlab_2026a/bin/win64" -Xcompiler "/utf-8" -I "." -I "D:\BaiduSyncdisk\working papers\Parallel computation with Mex\code_github\Code heteroAgents" -I "D:\Matlab_2026a\toolbox\gpucoder\src\gpucoderrt\export\include\gpucoderrt" -I "D:\Matlab_2026a\sys\cuda\win64\cuda\include" -I ".\interface" -I "D:\Matlab_2026a\extern\include" -I "." -DMW_CUDA_ARCH=900 -DMW_GPU_MEMORY_MANAGER -DMODEL=fun_return_cudaVS_mex -DMW_NEEDS_VERSION_H  -arch sm_90 -dlto -I "D:\Matlab_2026a/simulink/include" -I "D:\Matlab_2026a/toolbox/shared/simtargets" cpp_mexapi_version.cpp -o build\win64\cpp_mexapi_version.obj
cpp_mexapi_version.cpp
[4/15] nvcc -c -rdc=true -Wno-deprecated-gpu-targets -Xcompiler "/wd 4819" -Xcompiler "/MD" -Xcudafe "--display_error_number --diag_suppress=2381 --diag_suppress=unsigned_compare_with_zero --diag_suppress=useless_type_qualifier_on_return_type" -D_GNU_SOURCE -DMATLAB_MEX_FILE --no-exceptions -Xcompiler "/EHa" -noprof -ldir "D:\Matlab_2026a/bin/win64" -Xcompiler "/utf-8" -I "." -I "D:\BaiduSyncdisk\working papers\Parallel computation with Mex\code_github\Code heteroAgents" -I "D:\Matlab_2026a\toolbox\gpucoder\src\gpucoderrt\export\include\gpucoderrt" -I "D:\Matlab_2026a\sys\cuda\win64\cuda\include" -I ".\interface" -I "D:\Matlab_2026a\extern\include" -I "." -DMW_CUDA_ARCH=900 -DMW_GPU_MEMORY_MANAGER -DMODEL=fun_return_cudaVS_mex -DMW_NEEDS_VERSION_H  -arch sm_90 -dlto -I "D:\Matlab_2026a/simulink/include" -I "D:\Matlab_2026a/toolbox/shared/simtargets" rt_nonfinite.cu -o build\win64\rt_nonfinite.obj
rt_nonfinite.cu
tmpxft_00003b6c_00000000-10_rt_nonfinite.cudafe1.cpp
[5/15] nvcc -c -rdc=true -Wno-deprecated-gpu-targets -Xcompiler "/wd 4819" -Xcompiler "/MD" -Xcudafe "--display_error_number --diag_suppress=2381 --diag_suppress=unsigned_compare_with_zero --diag_suppress=useless_type_qualifier_on_return_type" -D_GNU_SOURCE -DMATLAB_MEX_FILE --no-exceptions -Xcompiler "/EHa" -noprof -ldir "D:\Matlab_2026a/bin/win64" -Xcompiler "/utf-8" -I "." -I "D:\BaiduSyncdisk\working papers\Parallel computation with Mex\code_github\Code heteroAgents" -I "D:\Matlab_2026a\toolbox\gpucoder\src\gpucoderrt\export\include\gpucoderrt" -I "D:\Matlab_2026a\sys\cuda\win64\cuda\include" -I ".\interface" -I "D:\Matlab_2026a\extern\include" -I "." -DMW_CUDA_ARCH=900 -DMW_GPU_MEMORY_MANAGER -DMODEL=fun_return_cudaVS_mex -DMW_NEEDS_VERSION_H  -arch sm_90 -dlto -I "D:\Matlab_2026a/simulink/include" -I "D:\Matlab_2026a/toolbox/shared/simtargets" toc.cu -o build\win64\toc.obj
toc.cu
tmpxft_00004698_00000000-10_toc.cudafe1.cpp
[6/15] nvcc -c -rdc=true -Wno-deprecated-gpu-targets -Xcompiler "/wd 4819" -Xcompiler "/MD" -Xcudafe "--display_error_number --diag_suppress=2381 --diag_suppress=unsigned_compare_with_zero --diag_suppress=useless_type_qualifier_on_return_type" -D_GNU_SOURCE -DMATLAB_MEX_FILE --no-exceptions -Xcompiler "/EHa" -noprof -ldir "D:\Matlab_2026a/bin/win64" -Xcompiler "/utf-8" -I "." -I "D:\BaiduSyncdisk\working papers\Parallel computation with Mex\code_github\Code heteroAgents" -I "D:\Matlab_2026a\toolbox\gpucoder\src\gpucoderrt\export\include\gpucoderrt" -I "D:\Matlab_2026a\sys\cuda\win64\cuda\include" -I ".\interface" -I "D:\Matlab_2026a\extern\include" -I "." -DMW_CUDA_ARCH=900 -DMW_GPU_MEMORY_MANAGER -DMODEL=fun_return_cudaVS_mex -DMW_NEEDS_VERSION_H  -arch sm_90 -dlto -I "D:\Matlab_2026a/simulink/include" -I "D:\Matlab_2026a/toolbox/shared/simtargets" fun_return_cuda_data.cu -o build\win64\fun_return_cuda_data.obj
fun_return_cuda_data.cu
tmpxft_000094a8_00000000-10_fun_return_cuda_data.cudafe1.cpp
[7/15] nvcc -c -rdc=true -Wno-deprecated-gpu-targets -Xcompiler "/wd 4819" -Xcompiler "/MD" -Xcudafe "--display_error_number --diag_suppress=2381 --diag_suppress=unsigned_compare_with_zero --diag_suppress=useless_type_qualifier_on_return_type" -D_GNU_SOURCE -DMATLAB_MEX_FILE --no-exceptions -Xcompiler "/EHa" -noprof -ldir "D:\Matlab_2026a/bin/win64" -Xcompiler "/utf-8" -I "." -I "D:\BaiduSyncdisk\working papers\Parallel computation with Mex\code_github\Code heteroAgents" -I "D:\Matlab_2026a\toolbox\gpucoder\src\gpucoderrt\export\include\gpucoderrt" -I "D:\Matlab_2026a\sys\cuda\win64\cuda\include" -I ".\interface" -I "D:\Matlab_2026a\extern\include" -I "." -DMW_CUDA_ARCH=900 -DMW_GPU_MEMORY_MANAGER -DMODEL=fun_return_cudaVS_mex -DMW_NEEDS_VERSION_H  -arch sm_90 -dlto -I "D:\Matlab_2026a/simulink/include" -I "D:\Matlab_2026a/toolbox/shared/simtargets" timeKeeper.cu -o build\win64\timeKeeper.obj
timeKeeper.cu
tmpxft_00009458_00000000-10_timeKeeper.cudafe1.cpp
[8/15] nvcc -c -rdc=true -Wno-deprecated-gpu-targets -Xcompiler "/wd 4819" -Xcompiler "/MD" -Xcudafe "--display_error_number --diag_suppress=2381 --diag_suppress=unsigned_compare_with_zero --diag_suppress=useless_type_qualifier_on_return_type" -D_GNU_SOURCE -DMATLAB_MEX_FILE --no-exceptions -Xcompiler "/EHa" -noprof -ldir "D:\Matlab_2026a/bin/win64" -Xcompiler "/utf-8" -I "." -I "D:\BaiduSyncdisk\working papers\Parallel computation with Mex\code_github\Code heteroAgents" -I "D:\Matlab_2026a\toolbox\gpucoder\src\gpucoderrt\export\include\gpucoderrt" -I "D:\Matlab_2026a\sys\cuda\win64\cuda\include" -I ".\interface" -I "D:\Matlab_2026a\extern\include" -I "." -DMW_CUDA_ARCH=900 -DMW_GPU_MEMORY_MANAGER -DMODEL=fun_return_cudaVS_mex -DMW_NEEDS_VERSION_H  -arch sm_90 -dlto -I "D:\Matlab_2026a/simulink/include" -I "D:\Matlab_2026a/toolbox/shared/simtargets" fun_return_cuda_terminate.cu -o build\win64\fun_return_cuda_terminate.obj
fun_return_cuda_terminate.cu
tmpxft_00006b60_00000000-10_fun_return_cuda_terminate.cudafe1.cpp
[9/15] nvcc -c -rdc=true -Wno-deprecated-gpu-targets -Xcompiler "/wd 4819" -Xcompiler "/MD" -Xcudafe "--display_error_number --diag_suppress=2381 --diag_suppress=unsigned_compare_with_zero --diag_suppress=useless_type_qualifier_on_return_type" -D_GNU_SOURCE -DMATLAB_MEX_FILE --no-exceptions -Xcompiler "/EHa" -noprof -ldir "D:\Matlab_2026a/bin/win64" -Xcompiler "/utf-8" -I "." -I "D:\BaiduSyncdisk\working papers\Parallel computation with Mex\code_github\Code heteroAgents" -I "D:\Matlab_2026a\toolbox\gpucoder\src\gpucoderrt\export\include\gpucoderrt" -I "D:\Matlab_2026a\sys\cuda\win64\cuda\include" -I ".\interface" -I "D:\Matlab_2026a\extern\include" -I "." -DMW_CUDA_ARCH=900 -DMW_GPU_MEMORY_MANAGER -DMODEL=fun_return_cudaVS_mex -DMW_NEEDS_VERSION_H  -arch sm_90 -dlto -I "D:\Matlab_2026a/simulink/include" -I "D:\Matlab_2026a/toolbox/shared/simtargets" tic.cu -o build\win64\tic.obj
tic.cu
tmpxft_000032bc_00000000-10_tic.cudafe1.cpp
[10/15] nvcc -c -rdc=true -Wno-deprecated-gpu-targets -Xcompiler "/wd 4819" -Xcompiler "/MD" -Xcudafe "--display_error_number --diag_suppress=2381 --diag_suppress=unsigned_compare_with_zero --diag_suppress=useless_type_qualifier_on_return_type" -D_GNU_SOURCE -DMATLAB_MEX_FILE --no-exceptions -Xcompiler "/EHa" -noprof -ldir "D:\Matlab_2026a/bin/win64" -Xcompiler "/utf-8" -I "." -I "D:\BaiduSyncdisk\working papers\Parallel computation with Mex\code_github\Code heteroAgents" -I "D:\Matlab_2026a\toolbox\gpucoder\src\gpucoderrt\export\include\gpucoderrt" -I "D:\Matlab_2026a\sys\cuda\win64\cuda\include" -I ".\interface" -I "D:\Matlab_2026a\extern\include" -I "." -DMW_CUDA_ARCH=900 -DMW_GPU_MEMORY_MANAGER -DMODEL=fun_return_cudaVS_mex -DMW_NEEDS_VERSION_H  -arch sm_90 -dlto -I "D:\Matlab_2026a/simulink/include" -I "D:\Matlab_2026a/toolbox/shared/simtargets" fun_return_cuda_initialize.cu -o build\win64\fun_return_cuda_initialize.obj
fun_return_cuda_initialize.cu
tmpxft_00009998_00000000-10_fun_return_cuda_initialize.cudafe1.cpp
[11/15] nvcc -c -rdc=true -Wno-deprecated-gpu-targets -Xcompiler "/wd 4819" -Xcompiler "/MD" -Xcudafe "--display_error_number --diag_suppress=2381 --diag_suppress=unsigned_compare_with_zero --diag_suppress=useless_type_qualifier_on_return_type" -D_GNU_SOURCE -DMATLAB_MEX_FILE --no-exceptions -Xcompiler "/EHa" -noprof -ldir "D:\Matlab_2026a/bin/win64" -Xcompiler "/utf-8" -I "." -I "D:\BaiduSyncdisk\working papers\Parallel computation with Mex\code_github\Code heteroAgents" -I "D:\Matlab_2026a\toolbox\gpucoder\src\gpucoderrt\export\include\gpucoderrt" -I "D:\Matlab_2026a\sys\cuda\win64\cuda\include" -I ".\interface" -I "D:\Matlab_2026a\extern\include" -I "." -DMW_CUDA_ARCH=900 -DMW_GPU_MEMORY_MANAGER -DMODEL=fun_return_cudaVS_mex -DMW_NEEDS_VERSION_H  -arch sm_90 -dlto -I "D:\Matlab_2026a/simulink/include" -I "D:\Matlab_2026a/toolbox/shared/simtargets" interface\_coder_fun_return_cuda_api.cu -o build\win64\_coder_fun_return_cuda_api.obj
_coder_fun_return_cuda_api.cu
tmpxft_00005514_00000000-10__coder_fun_return_cuda_api.cudafe1.cpp
[12/15] nvcc -c -rdc=true -Wno-deprecated-gpu-targets -Xcompiler "/wd 4819" -Xcompiler "/MD" -Xcudafe "--display_error_number --diag_suppress=2381 --diag_suppress=unsigned_compare_with_zero --diag_suppress=useless_type_qualifier_on_return_type" -D_GNU_SOURCE -DMATLAB_MEX_FILE --no-exceptions -Xcompiler "/EHa" -noprof -ldir "D:\Matlab_2026a/bin/win64" -Xcompiler "/utf-8" -I "." -I "D:\BaiduSyncdisk\working papers\Parallel computation with Mex\code_github\Code heteroAgents" -I "D:\Matlab_2026a\toolbox\gpucoder\src\gpucoderrt\export\include\gpucoderrt" -I "D:\Matlab_2026a\sys\cuda\win64\cuda\include" -I ".\interface" -I "D:\Matlab_2026a\extern\include" -I "." -DMW_CUDA_ARCH=900 -DMW_GPU_MEMORY_MANAGER -DMODEL=fun_return_cudaVS_mex -DMW_NEEDS_VERSION_H  -arch sm_90 -dlto -I "D:\Matlab_2026a/simulink/include" -I "D:\Matlab_2026a/toolbox/shared/simtargets" fun_return_cuda.cu -o build\win64\fun_return_cuda.obj
fun_return_cuda.cu
tmpxft_000085cc_00000000-10_fun_return_cuda.cudafe1.cpp
[13/15] nvcc -c -rdc=true -Wno-deprecated-gpu-targets -Xcompiler "/wd 4819" -Xcompiler "/MD" -Xcudafe "--display_error_number --diag_suppress=2381 --diag_suppress=unsigned_compare_with_zero --diag_suppress=useless_type_qualifier_on_return_type" -D_GNU_SOURCE -DMATLAB_MEX_FILE --no-exceptions -Xcompiler "/EHa" -noprof -ldir "D:\Matlab_2026a/bin/win64" -Xcompiler "/utf-8" -I "." -I "D:\BaiduSyncdisk\working papers\Parallel computation with Mex\code_github\Code heteroAgents" -I "D:\Matlab_2026a\toolbox\gpucoder\src\gpucoderrt\export\include\gpucoderrt" -I "D:\Matlab_2026a\sys\cuda\win64\cuda\include" -I ".\interface" -I "D:\Matlab_2026a\extern\include" -I "." -DMW_CUDA_ARCH=900 -DMW_GPU_MEMORY_MANAGER -DMODEL=fun_return_cudaVS_mex -DMW_NEEDS_VERSION_H  -arch sm_90 -dlto -I "D:\Matlab_2026a/simulink/include" -I "D:\Matlab_2026a/toolbox/shared/simtargets" fun_return_cuda_emxutil.cu -o build\win64\fun_return_cuda_emxutil.obj
fun_return_cuda_emxutil.cu
tmpxft_00007108_00000000-10_fun_return_cuda_emxutil.cudafe1.cpp
[14/15] nvcc -c -rdc=true -Wno-deprecated-gpu-targets -Xcompiler "/wd 4819" -Xcompiler "/MD" -Xcudafe "--display_error_number --diag_suppress=2381 --diag_suppress=unsigned_compare_with_zero --diag_suppress=useless_type_qualifier_on_return_type" -D_GNU_SOURCE -DMATLAB_MEX_FILE --no-exceptions -Xcompiler "/EHa" -noprof -ldir "D:\Matlab_2026a/bin/win64" -Xcompiler "/utf-8" -I "." -I "D:\BaiduSyncdisk\working papers\Parallel computation with Mex\code_github\Code heteroAgents" -I "D:\Matlab_2026a\toolbox\gpucoder\src\gpucoderrt\export\include\gpucoderrt" -I "D:\Matlab_2026a\sys\cuda\win64\cuda\include" -I ".\interface" -I "D:\Matlab_2026a\extern\include" -I "." -DMW_CUDA_ARCH=900 -DMW_GPU_MEMORY_MANAGER -DMODEL=fun_return_cudaVS_mex -DMW_NEEDS_VERSION_H  -arch sm_90 -dlto -I "D:\Matlab_2026a/simulink/include" -I "D:\Matlab_2026a/toolbox/shared/simtargets" interface\_coder_fun_return_cuda_mex.cu -o build\win64\_coder_fun_return_cuda_mex.obj
_coder_fun_return_cuda_mex.cu
tmpxft_00001f14_00000000-10__coder_fun_return_cuda_mex.cudafe1.cpp
[15/15] nvcc  -Xlinker /nologo -Xlinker /DLL -L"D:\Matlab_2026a\extern\lib\win64\microsoft" libmx.lib libmex.lib libmat.lib kernel32.lib user32.lib gdi32.lib winspool.lib comdlg32.lib advapi32.lib shell32.lib ole32.lib oleaut32.lib uuid.lib odbc32.lib odbccp32.lib   -L"D:\Matlab_2026a\sys\cuda\win64\cuda\lib\x64" -L"D:\Matlab_2026a\bin\win64" libemlrt.lib libcovrt.lib libut.lib libmwmathutil.lib -L"D:\Matlab_2026a\lib\win64" gpucoderrt.lib -arch sm_90 -I"D:\Matlab_2026a\sys\cuda\win64\cuda\include" -lcublas -lcusolver -lcufft -lcurand -lcusparse -dlto -Xnvlink -w  -Wno-deprecated-gpu-targets -Xlinker /NODEFAULTLIB:libcmt.lib -o fun_return_cudaVS_mex.mexw64 build\win64\MWLaunchParametersUtilities.obj build\win64\fun_return_cuda_data.obj build\win64\rt_nonfinite.obj build\win64\fun_return_cuda_initialize.obj build\win64\fun_return_cuda_terminate.obj build\win64\tic.obj build\win64\timeKeeper.obj build\win64\toc.obj build\win64\_coder_fun_return_cuda_api.obj build\win64\_coder_fun_return_cuda_mex.obj build\win64\fun_return_cuda.obj build\win64\fun_return_cuda_emxutil.obj build\win64\_coder_fun_return_cuda_info.obj build\win64\cpp_mexapi_version.obj
libmx.lib
libmex.lib
libmat.lib
kernel32.lib
user32.lib
gdi32.lib
winspool.lib
comdlg32.lib
advapi32.lib
shell32.lib
ole32.lib
oleaut32.lib
uuid.lib
odbc32.lib
odbccp32.lib
libemlrt.lib
libcovrt.lib
libut.lib
libmwmathutil.lib
gpucoderrt.lib
MWLaunchParametersUtilities.obj
fun_return_cuda_data.obj
rt_nonfinite.obj
fun_return_cuda_initialize.obj
fun_return_cuda_terminate.obj
tic.obj
timeKeeper.obj
toc.obj
_coder_fun_return_cuda_api.obj
_coder_fun_return_cuda_mex.obj
fun_return_cuda.obj
fun_return_cuda_emxutil.obj
_coder_fun_return_cuda_info.obj
cpp_mexapi_version.obj
   Creating library fun_return_cudaVS_mex.lib and object fun_return_cudaVS_mex.exp
