[1/21] cl /c /Zc:__cplusplus /Zp8 /GR /W3 /EHs /nologo /MD /D_CRT_SECURE_NO_DEPRECATE /D_SCL_SECURE_NO_DEPRECATE /D_SECURE_SCL=0   /DMATLAB_MEX_FILE  /DMATLAB_MEX_FILE /O2 /Oy- /DNDEBUG /fp:strict /utf-8 /I "." /I "D:\BaiduSyncdisk\working papers\Parallel computation with Mex\code_gitrepo\Code sovereignDefault" /I ".\interface" /I "D:\Matlab_2026a\extern\include" /I "." -DMODEL=solve_benchmarkVS_mex /openmp /wd4101  solve_benchmark_data.c /Fobuild\win64\solve_benchmark_data.obj
solve_benchmark_data.c
[2/21] cl /c /Zc:__cplusplus /Zp8 /GR /W3 /EHs /nologo /MD /D_CRT_SECURE_NO_DEPRECATE /D_SCL_SECURE_NO_DEPRECATE /D_SECURE_SCL=0   /DMATLAB_MEX_FILE  /DMATLAB_MEX_FILE /O2 /Oy- /DNDEBUG /fp:strict /utf-8 /I "." /I "D:\BaiduSyncdisk\working papers\Parallel computation with Mex\code_gitrepo\Code sovereignDefault" /I ".\interface" /I "D:\Matlab_2026a\extern\include" /I "." -DMODEL=solve_benchmarkVS_mex /openmp /wd4101  rt_nonfinite.c /Fobuild\win64\rt_nonfinite.obj
rt_nonfinite.c
[3/21] cl /c /Zc:__cplusplus /Zp8 /GR /W3 /EHs /nologo /MD /D_CRT_SECURE_NO_DEPRECATE /D_SCL_SECURE_NO_DEPRECATE /D_SECURE_SCL=0   /DMATLAB_MEX_FILE  /DMATLAB_MEX_FILE /O2 /Oy- /DNDEBUG /fp:strict /utf-8 /I "." /I "D:\BaiduSyncdisk\working papers\Parallel computation with Mex\code_gitrepo\Code sovereignDefault" /I ".\interface" /I "D:\Matlab_2026a\extern\include" /I "." -DMODEL=solve_benchmarkVS_mex /openmp /wd4101  mpower.c /Fobuild\win64\mpower.obj
mpower.c
[4/21] cl /c /Zc:__cplusplus /Zp8 /GR /W3 /EHs /nologo /MD /D_CRT_SECURE_NO_DEPRECATE /D_SCL_SECURE_NO_DEPRECATE /D_SECURE_SCL=0   /DMATLAB_MEX_FILE  /DMATLAB_MEX_FILE /O2 /Oy- /DNDEBUG /fp:strict /utf-8 /I "." /I "D:\BaiduSyncdisk\working papers\Parallel computation with Mex\code_gitrepo\Code sovereignDefault" /I ".\interface" /I "D:\Matlab_2026a\extern\include" /I "." -DMODEL=solve_benchmarkVS_mex /openmp /wd4101  tic.c /Fobuild\win64\tic.obj
tic.c
[5/21] cl /c /Zc:__cplusplus /Zp8 /GR /W3 /EHs /nologo /MD /D_CRT_SECURE_NO_DEPRECATE /D_SCL_SECURE_NO_DEPRECATE /D_SECURE_SCL=0   /DMATLAB_MEX_FILE  /DMATLAB_MEX_FILE /O2 /Oy- /DNDEBUG /fp:strict /utf-8 /I "." /I "D:\BaiduSyncdisk\working papers\Parallel computation with Mex\code_gitrepo\Code sovereignDefault" /I ".\interface" /I "D:\Matlab_2026a\extern\include" /I "." -DMODEL=solve_benchmarkVS_mex /openmp /wd4101  toc.c /Fobuild\win64\toc.obj
toc.c
[6/21] cl /c /Zc:__cplusplus /Zp8 /GR /W3 /EHs /nologo /MD /D_CRT_SECURE_NO_DEPRECATE /D_SCL_SECURE_NO_DEPRECATE /D_SECURE_SCL=0   /DMATLAB_MEX_FILE  /DMATLAB_MEX_FILE /O2 /Oy- /DNDEBUG /fp:strict /utf-8 /I "." /I "D:\BaiduSyncdisk\working papers\Parallel computation with Mex\code_gitrepo\Code sovereignDefault" /I ".\interface" /I "D:\Matlab_2026a\extern\include" /I "." -DMODEL=solve_benchmarkVS_mex /openmp /wd4101  abs.c /Fobuild\win64\abs.obj
abs.c
[7/21] cl /c /Zc:__cplusplus /Zp8 /GR /W3 /EHs /nologo /MD /D_CRT_SECURE_NO_DEPRECATE /D_SCL_SECURE_NO_DEPRECATE /D_SECURE_SCL=0   /DMATLAB_MEX_FILE  /DMATLAB_MEX_FILE /O2 /Oy- /DNDEBUG /fp:strict /utf-8 /I "." /I "D:\BaiduSyncdisk\working papers\Parallel computation with Mex\code_gitrepo\Code sovereignDefault" /I ".\interface" /I "D:\Matlab_2026a\extern\include" /I "." -DMODEL=solve_benchmarkVS_mex /openmp /wd4101  solve_benchmark_initialize.c /Fobuild\win64\solve_benchmark_initialize.obj
solve_benchmark_initialize.c
[8/21] cl /c /Zc:__cplusplus /Zp8 /GR /W3 /EHs /nologo /MD /D_CRT_SECURE_NO_DEPRECATE /D_SCL_SECURE_NO_DEPRECATE /D_SECURE_SCL=0   /DMATLAB_MEX_FILE  /DMATLAB_MEX_FILE /O2 /Oy- /DNDEBUG /fp:strict /utf-8 /I "." /I "D:\BaiduSyncdisk\working papers\Parallel computation with Mex\code_gitrepo\Code sovereignDefault" /I ".\interface" /I "D:\Matlab_2026a\extern\include" /I "." -DMODEL=solve_benchmarkVS_mex /openmp /wd4101  repmat.c /Fobuild\win64\repmat.obj
repmat.c
[9/21] cl /c /Zc:__cplusplus /Zp8 /GR /W3 /EHs /nologo /MD /D_CRT_SECURE_NO_DEPRECATE /D_SCL_SECURE_NO_DEPRECATE /D_SECURE_SCL=0   /DMATLAB_MEX_FILE  /DMATLAB_MEX_FILE /O2 /Oy- /DNDEBUG /fp:strict /utf-8 /I "." /I "D:\BaiduSyncdisk\working papers\Parallel computation with Mex\code_gitrepo\Code sovereignDefault" /I ".\interface" /I "D:\Matlab_2026a\extern\include" /I "." -DMODEL=solve_benchmarkVS_mex /openmp /wd4101  solve_benchmark_mexutil.c /Fobuild\win64\solve_benchmark_mexutil.obj
solve_benchmark_mexutil.c
[10/21] cl /c /Zc:__cplusplus /Zp8 /GR /W3 /EHs /nologo /MD /D_CRT_SECURE_NO_DEPRECATE /D_SCL_SECURE_NO_DEPRECATE /D_SECURE_SCL=0   /DMATLAB_MEX_FILE  /DMATLAB_MEX_FILE /O2 /Oy- /DNDEBUG /fp:strict /utf-8 /I "." /I "D:\BaiduSyncdisk\working papers\Parallel computation with Mex\code_gitrepo\Code sovereignDefault" /I ".\interface" /I "D:\Matlab_2026a\extern\include" /I "." -DMODEL=solve_benchmarkVS_mex /openmp /wd4101  solve_benchmark_terminate.c /Fobuild\win64\solve_benchmark_terminate.obj
solve_benchmark_terminate.c
[11/21] cl /c /Zc:__cplusplus /Zp8 /GR /W3 /EHs /nologo /MD /D_CRT_SECURE_NO_DEPRECATE /D_SCL_SECURE_NO_DEPRECATE /D_SECURE_SCL=0   /DMATLAB_MEX_FILE  /DMATLAB_MEX_FILE /O2 /Oy- /DNDEBUG /fp:strict /utf-8 /I "." /I "D:\BaiduSyncdisk\working papers\Parallel computation with Mex\code_gitrepo\Code sovereignDefault" /I ".\interface" /I "D:\Matlab_2026a\extern\include" /I "." -DMODEL=solve_benchmarkVS_mex /openmp /wd4101  mtimes.c /Fobuild\win64\mtimes.obj
mtimes.c
[12/21] cl /c /Zc:__cplusplus /Zp8 /GR /W3 /EHs /nologo /MD /D_CRT_SECURE_NO_DEPRECATE /D_SCL_SECURE_NO_DEPRECATE /D_SECURE_SCL=0   /DMATLAB_MEX_FILE  /DMATLAB_MEX_FILE /O2 /Oy- /DNDEBUG /fp:strict /utf-8 /I "." /I "D:\BaiduSyncdisk\working papers\Parallel computation with Mex\code_gitrepo\Code sovereignDefault" /I ".\interface" /I "D:\Matlab_2026a\extern\include" /I "." -DMODEL=solve_benchmarkVS_mex /openmp /wd4101  D:\Matlab_2026a\extern\version\c_mexapi_version.c /Fobuild\win64\c_mexapi_version.obj
c_mexapi_version.c
[13/21] cl /c /Zc:__cplusplus /Zp8 /GR /W3 /EHs /nologo /MD /D_CRT_SECURE_NO_DEPRECATE /D_SCL_SECURE_NO_DEPRECATE /D_SECURE_SCL=0   /DMATLAB_MEX_FILE  /DMATLAB_MEX_FILE /O2 /Oy- /DNDEBUG /fp:strict /utf-8 /I "." /I "D:\BaiduSyncdisk\working papers\Parallel computation with Mex\code_gitrepo\Code sovereignDefault" /I ".\interface" /I "D:\Matlab_2026a\extern\include" /I "." -DMODEL=solve_benchmarkVS_mex /openmp /wd4101  ixfun.c /Fobuild\win64\ixfun.obj
ixfun.c
[14/21] cl /c /Zc:__cplusplus /Zp8 /GR /W3 /EHs /nologo /MD /D_CRT_SECURE_NO_DEPRECATE /D_SCL_SECURE_NO_DEPRECATE /D_SECURE_SCL=0   /DMATLAB_MEX_FILE  /DMATLAB_MEX_FILE /O2 /Oy- /DNDEBUG /fp:strict /utf-8 /I "." /I "D:\BaiduSyncdisk\working papers\Parallel computation with Mex\code_gitrepo\Code sovereignDefault" /I ".\interface" /I "D:\Matlab_2026a\extern\include" /I "." -DMODEL=solve_benchmarkVS_mex /openmp /wd4101  exp.c /Fobuild\win64\exp.obj
exp.c
[15/21] cl /c /Zc:__cplusplus /Zp8 /GR /W3 /EHs /nologo /MD /D_CRT_SECURE_NO_DEPRECATE /D_SCL_SECURE_NO_DEPRECATE /D_SECURE_SCL=0   /DMATLAB_MEX_FILE  /DMATLAB_MEX_FILE /O2 /Oy- /DNDEBUG /fp:strict /utf-8 /I "." /I "D:\BaiduSyncdisk\working papers\Parallel computation with Mex\code_gitrepo\Code sovereignDefault" /I ".\interface" /I "D:\Matlab_2026a\extern\include" /I "." -DMODEL=solve_benchmarkVS_mex /openmp /wd4101  eml_mtimes_helper.c /Fobuild\win64\eml_mtimes_helper.obj
eml_mtimes_helper.c
[16/21] cl /c /Zc:__cplusplus /Zp8 /GR /W3 /EHs /nologo /MD /D_CRT_SECURE_NO_DEPRECATE /D_SCL_SECURE_NO_DEPRECATE /D_SECURE_SCL=0   /DMATLAB_MEX_FILE  /DMATLAB_MEX_FILE /O2 /Oy- /DNDEBUG /fp:strict /utf-8 /I "." /I "D:\BaiduSyncdisk\working papers\Parallel computation with Mex\code_gitrepo\Code sovereignDefault" /I ".\interface" /I "D:\Matlab_2026a\extern\include" /I "." -DMODEL=solve_benchmarkVS_mex /openmp /wd4101  interface\_coder_solve_benchmark_mex.c /Fobuild\win64\_coder_solve_benchmark_mex.obj
_coder_solve_benchmark_mex.c
[17/21] cl /c /Zc:__cplusplus /Zp8 /GR /W3 /EHs /nologo /MD /D_CRT_SECURE_NO_DEPRECATE /D_SCL_SECURE_NO_DEPRECATE /D_SECURE_SCL=0   /DMATLAB_MEX_FILE  /DMATLAB_MEX_FILE /O2 /Oy- /DNDEBUG /fp:strict /utf-8 /I "." /I "D:\BaiduSyncdisk\working papers\Parallel computation with Mex\code_gitrepo\Code sovereignDefault" /I ".\interface" /I "D:\Matlab_2026a\extern\include" /I "." -DMODEL=solve_benchmarkVS_mex /openmp /wd4101  interface\_coder_solve_benchmark_api.c /Fobuild\win64\_coder_solve_benchmark_api.obj
_coder_solve_benchmark_api.c
[18/21] cl /c /Zc:__cplusplus /Zp8 /GR /W3 /EHs /nologo /MD /D_CRT_SECURE_NO_DEPRECATE /D_SCL_SECURE_NO_DEPRECATE /D_SECURE_SCL=0   /DMATLAB_MEX_FILE  /DMATLAB_MEX_FILE /O2 /Oy- /DNDEBUG /fp:strict /utf-8 /I "." /I "D:\BaiduSyncdisk\working papers\Parallel computation with Mex\code_gitrepo\Code sovereignDefault" /I ".\interface" /I "D:\Matlab_2026a\extern\include" /I "." -DMODEL=solve_benchmarkVS_mex /openmp /wd4101  interface\_coder_solve_benchmark_info.c /Fobuild\win64\_coder_solve_benchmark_info.obj
_coder_solve_benchmark_info.c
[19/21] cl /c /Zc:__cplusplus /Zp8 /GR /W3 /EHs /nologo /MD /D_CRT_SECURE_NO_DEPRECATE /D_SCL_SECURE_NO_DEPRECATE /D_SECURE_SCL=0   /DMATLAB_MEX_FILE  /DMATLAB_MEX_FILE /O2 /Oy- /DNDEBUG /fp:strict /utf-8 /I "." /I "D:\BaiduSyncdisk\working papers\Parallel computation with Mex\code_gitrepo\Code sovereignDefault" /I ".\interface" /I "D:\Matlab_2026a\extern\include" /I "." -DMODEL=solve_benchmarkVS_mex /openmp /wd4101  solve_benchmark_emxutil.c /Fobuild\win64\solve_benchmark_emxutil.obj
solve_benchmark_emxutil.c
[20/21] cl /c /Zc:__cplusplus /Zp8 /GR /W3 /EHs /nologo /MD /D_CRT_SECURE_NO_DEPRECATE /D_SCL_SECURE_NO_DEPRECATE /D_SECURE_SCL=0   /DMATLAB_MEX_FILE  /DMATLAB_MEX_FILE /O2 /Oy- /DNDEBUG /fp:strict /utf-8 /I "." /I "D:\BaiduSyncdisk\working papers\Parallel computation with Mex\code_gitrepo\Code sovereignDefault" /I ".\interface" /I "D:\Matlab_2026a\extern\include" /I "." -DMODEL=solve_benchmarkVS_mex /openmp /wd4101  solve_benchmark.c /Fobuild\win64\solve_benchmark.obj
solve_benchmark.c
[21/21] link @solve_benchmarkVS_mex.mexw64.rsp  /nologo    /DLL /LIBPATH:"D:\Matlab_2026a\extern\lib\win64\microsoft" libmx.lib libmex.lib libmat.lib kernel32.lib user32.lib gdi32.lib winspool.lib comdlg32.lib advapi32.lib shell32.lib ole32.lib oleaut32.lib uuid.lib odbc32.lib odbccp32.lib  /out:"solve_benchmarkVS_mex.mexw64" /LIBPATH:"D:\Matlab_2026a\extern\lib\win64\microsoft" libmwblas.lib libemlrt.lib libcovrt.lib libut.lib libmwmathutil.lib libiomp5md.lib /nodefaultlib:vcomp /LIBPATH:"D:\Matlab_2026a\bin\win64" /export:mexFunction /export:mexfilerequiredapiversion /export:emlrtMexFcnProperties /export:solve_benchmark /export:solve_benchmark_initialize /export:solve_benchmark_terminate /export:solve_benchmark_atexit /export:b_emlrt_marshallOut /export:emxInit_boolean_T /export:emxInit_real_T /export:emxEnsureCapacity_real_T /export:emxEnsureCapacity_boolean_T /export:emxFree_boolean_T /export:emxFree_real_T
   Creating library solve_benchmarkVS_mex.lib and object solve_benchmarkVS_mex.exp
