[1/13] cl /c /Zc:__cplusplus /Zp8 /GR /W3 /EHs /nologo /MD /D_CRT_SECURE_NO_DEPRECATE /D_SCL_SECURE_NO_DEPRECATE /D_SECURE_SCL=0   /DMATLAB_MEX_FILE  /DMATLAB_MEX_FILE /O2 /Oy- /DNDEBUG /fp:strict /utf-8 /I "." /I "D:\BaiduSyncdisk\working papers\Parallel computation with Mex\code_gitrepo\Code heteroAgents" /I ".\interface" /I "D:\Matlab_2026a\extern\include" /I "." -DMODEL=fun_VFI_parforVS_mex /openmp /wd4101  fun_VFI_parfor2_data.c /Fobuild\win64\fun_VFI_parfor2_data.obj
fun_VFI_parfor2_data.c
[2/13] cl /c /Zc:__cplusplus /Zp8 /GR /W3 /EHs /nologo /MD /D_CRT_SECURE_NO_DEPRECATE /D_SCL_SECURE_NO_DEPRECATE /D_SECURE_SCL=0   /DMATLAB_MEX_FILE  /DMATLAB_MEX_FILE /O2 /Oy- /DNDEBUG /fp:strict /utf-8 /I "." /I "D:\BaiduSyncdisk\working papers\Parallel computation with Mex\code_gitrepo\Code heteroAgents" /I ".\interface" /I "D:\Matlab_2026a\extern\include" /I "." -DMODEL=fun_VFI_parforVS_mex /openmp /wd4101  fun_VFI_parfor2_initialize.c /Fobuild\win64\fun_VFI_parfor2_initialize.obj
fun_VFI_parfor2_initialize.c
[3/13] cl /c /Zc:__cplusplus /Zp8 /GR /W3 /EHs /nologo /MD /D_CRT_SECURE_NO_DEPRECATE /D_SCL_SECURE_NO_DEPRECATE /D_SECURE_SCL=0   /DMATLAB_MEX_FILE  /DMATLAB_MEX_FILE /O2 /Oy- /DNDEBUG /fp:strict /utf-8 /I "." /I "D:\BaiduSyncdisk\working papers\Parallel computation with Mex\code_gitrepo\Code heteroAgents" /I ".\interface" /I "D:\Matlab_2026a\extern\include" /I "." -DMODEL=fun_VFI_parforVS_mex /openmp /wd4101  D:\Matlab_2026a\extern\version\c_mexapi_version.c /Fobuild\win64\c_mexapi_version.obj
c_mexapi_version.c
[4/13] cl /c /Zc:__cplusplus /Zp8 /GR /W3 /EHs /nologo /MD /D_CRT_SECURE_NO_DEPRECATE /D_SCL_SECURE_NO_DEPRECATE /D_SECURE_SCL=0   /DMATLAB_MEX_FILE  /DMATLAB_MEX_FILE /O2 /Oy- /DNDEBUG /fp:strict /utf-8 /I "." /I "D:\BaiduSyncdisk\working papers\Parallel computation with Mex\code_gitrepo\Code heteroAgents" /I ".\interface" /I "D:\Matlab_2026a\extern\include" /I "." -DMODEL=fun_VFI_parforVS_mex /openmp /wd4101  mtimes.c /Fobuild\win64\mtimes.obj
mtimes.c
[5/13] cl /c /Zc:__cplusplus /Zp8 /GR /W3 /EHs /nologo /MD /D_CRT_SECURE_NO_DEPRECATE /D_SCL_SECURE_NO_DEPRECATE /D_SECURE_SCL=0   /DMATLAB_MEX_FILE  /DMATLAB_MEX_FILE /O2 /Oy- /DNDEBUG /fp:strict /utf-8 /I "." /I "D:\BaiduSyncdisk\working papers\Parallel computation with Mex\code_gitrepo\Code heteroAgents" /I ".\interface" /I "D:\Matlab_2026a\extern\include" /I "." -DMODEL=fun_VFI_parforVS_mex /openmp /wd4101  interface\_coder_fun_VFI_parfor2_mex.c /Fobuild\win64\_coder_fun_VFI_parfor2_mex.obj
_coder_fun_VFI_parfor2_mex.c
[6/13] cl /c /Zc:__cplusplus /Zp8 /GR /W3 /EHs /nologo /MD /D_CRT_SECURE_NO_DEPRECATE /D_SCL_SECURE_NO_DEPRECATE /D_SECURE_SCL=0   /DMATLAB_MEX_FILE  /DMATLAB_MEX_FILE /O2 /Oy- /DNDEBUG /fp:strict /utf-8 /I "." /I "D:\BaiduSyncdisk\working papers\Parallel computation with Mex\code_gitrepo\Code heteroAgents" /I ".\interface" /I "D:\Matlab_2026a\extern\include" /I "." -DMODEL=fun_VFI_parforVS_mex /openmp /wd4101  fun_VFI_parfor2_terminate.c /Fobuild\win64\fun_VFI_parfor2_terminate.obj
fun_VFI_parfor2_terminate.c
[7/13] cl /c /Zc:__cplusplus /Zp8 /GR /W3 /EHs /nologo /MD /D_CRT_SECURE_NO_DEPRECATE /D_SCL_SECURE_NO_DEPRECATE /D_SECURE_SCL=0   /DMATLAB_MEX_FILE  /DMATLAB_MEX_FILE /O2 /Oy- /DNDEBUG /fp:strict /utf-8 /I "." /I "D:\BaiduSyncdisk\working papers\Parallel computation with Mex\code_gitrepo\Code heteroAgents" /I ".\interface" /I "D:\Matlab_2026a\extern\include" /I "." -DMODEL=fun_VFI_parforVS_mex /openmp /wd4101  rt_nonfinite.c /Fobuild\win64\rt_nonfinite.obj
rt_nonfinite.c
[8/13] cl /c /Zc:__cplusplus /Zp8 /GR /W3 /EHs /nologo /MD /D_CRT_SECURE_NO_DEPRECATE /D_SCL_SECURE_NO_DEPRECATE /D_SECURE_SCL=0   /DMATLAB_MEX_FILE  /DMATLAB_MEX_FILE /O2 /Oy- /DNDEBUG /fp:strict /utf-8 /I "." /I "D:\BaiduSyncdisk\working papers\Parallel computation with Mex\code_gitrepo\Code heteroAgents" /I ".\interface" /I "D:\Matlab_2026a\extern\include" /I "." -DMODEL=fun_VFI_parforVS_mex /openmp /wd4101  fun_VFI_parfor2_emxutil.c /Fobuild\win64\fun_VFI_parfor2_emxutil.obj
fun_VFI_parfor2_emxutil.c
[9/13] cl /c /Zc:__cplusplus /Zp8 /GR /W3 /EHs /nologo /MD /D_CRT_SECURE_NO_DEPRECATE /D_SCL_SECURE_NO_DEPRECATE /D_SECURE_SCL=0   /DMATLAB_MEX_FILE  /DMATLAB_MEX_FILE /O2 /Oy- /DNDEBUG /fp:strict /utf-8 /I "." /I "D:\BaiduSyncdisk\working papers\Parallel computation with Mex\code_gitrepo\Code heteroAgents" /I ".\interface" /I "D:\Matlab_2026a\extern\include" /I "." -DMODEL=fun_VFI_parforVS_mex /openmp /wd4101  solve_entre.c /Fobuild\win64\solve_entre.obj
solve_entre.c
[10/13] cl /c /Zc:__cplusplus /Zp8 /GR /W3 /EHs /nologo /MD /D_CRT_SECURE_NO_DEPRECATE /D_SCL_SECURE_NO_DEPRECATE /D_SECURE_SCL=0   /DMATLAB_MEX_FILE  /DMATLAB_MEX_FILE /O2 /Oy- /DNDEBUG /fp:strict /utf-8 /I "." /I "D:\BaiduSyncdisk\working papers\Parallel computation with Mex\code_gitrepo\Code heteroAgents" /I ".\interface" /I "D:\Matlab_2026a\extern\include" /I "." -DMODEL=fun_VFI_parforVS_mex /openmp /wd4101  interface\_coder_fun_VFI_parfor2_info.c /Fobuild\win64\_coder_fun_VFI_parfor2_info.obj
_coder_fun_VFI_parfor2_info.c
[11/13] cl /c /Zc:__cplusplus /Zp8 /GR /W3 /EHs /nologo /MD /D_CRT_SECURE_NO_DEPRECATE /D_SCL_SECURE_NO_DEPRECATE /D_SECURE_SCL=0   /DMATLAB_MEX_FILE  /DMATLAB_MEX_FILE /O2 /Oy- /DNDEBUG /fp:strict /utf-8 /I "." /I "D:\BaiduSyncdisk\working papers\Parallel computation with Mex\code_gitrepo\Code heteroAgents" /I ".\interface" /I "D:\Matlab_2026a\extern\include" /I "." -DMODEL=fun_VFI_parforVS_mex /openmp /wd4101  interface\_coder_fun_VFI_parfor2_api.c /Fobuild\win64\_coder_fun_VFI_parfor2_api.obj
_coder_fun_VFI_parfor2_api.c
[12/13] cl /c /Zc:__cplusplus /Zp8 /GR /W3 /EHs /nologo /MD /D_CRT_SECURE_NO_DEPRECATE /D_SCL_SECURE_NO_DEPRECATE /D_SECURE_SCL=0   /DMATLAB_MEX_FILE  /DMATLAB_MEX_FILE /O2 /Oy- /DNDEBUG /fp:strict /utf-8 /I "." /I "D:\BaiduSyncdisk\working papers\Parallel computation with Mex\code_gitrepo\Code heteroAgents" /I ".\interface" /I "D:\Matlab_2026a\extern\include" /I "." -DMODEL=fun_VFI_parforVS_mex /openmp /wd4101  fun_VFI_parfor2.c /Fobuild\win64\fun_VFI_parfor2.obj
fun_VFI_parfor2.c
[13/13] link @fun_VFI_parforVS_mex.mexw64.rsp  /nologo    /DLL /LIBPATH:"D:\Matlab_2026a\extern\lib\win64\microsoft" libmx.lib libmex.lib libmat.lib kernel32.lib user32.lib gdi32.lib winspool.lib comdlg32.lib advapi32.lib shell32.lib ole32.lib oleaut32.lib uuid.lib odbc32.lib odbccp32.lib  /out:"fun_VFI_parforVS_mex.mexw64" /LIBPATH:"D:\Matlab_2026a\extern\lib\win64\microsoft" libmwblas.lib libemlrt.lib libcovrt.lib libut.lib libmwmathutil.lib libiomp5md.lib /nodefaultlib:vcomp /LIBPATH:"D:\Matlab_2026a\bin\win64" /export:mexFunction /export:mexfilerequiredapiversion /export:emlrtMexFcnProperties /export:fun_VFI_parfor2 /export:fun_VFI_parfor2_initialize /export:fun_VFI_parfor2_terminate /export:fun_VFI_parfor2_atexit /export:emxInit_real_T /export:emxEnsureCapacity_real_T /export:emxFree_real_T
   Creating library fun_VFI_parforVS_mex.lib and object fun_VFI_parforVS_mex.exp
