[1/17] cl /c /Zc:__cplusplus /Zp8 /GR /W3 /EHs /nologo /MD /D_CRT_SECURE_NO_DEPRECATE /D_SCL_SECURE_NO_DEPRECATE /D_SECURE_SCL=0   /DMATLAB_MEX_FILE  /DMATLAB_MEX_FILE /O2 /Oy- /DNDEBUG /fp:strict /utf-8 /I "." /I "D:\BaiduSyncdisk\working papers\Parallel computation with Mex\code_github\Code sovereignDefault" /I ".\interface" /I "D:\Matlab_2026a\extern\include" /I "." -DMODEL=solver_interp_serial_mex /openmp /wd4101  rt_nonfinite.c /Fobuild\win64\rt_nonfinite.obj
rt_nonfinite.c
[2/17] cl /c /Zc:__cplusplus /Zp8 /GR /W3 /EHs /nologo /MD /D_CRT_SECURE_NO_DEPRECATE /D_SCL_SECURE_NO_DEPRECATE /D_SECURE_SCL=0   /DMATLAB_MEX_FILE  /DMATLAB_MEX_FILE /O2 /Oy- /DNDEBUG /fp:strict /utf-8 /I "." /I "D:\BaiduSyncdisk\working papers\Parallel computation with Mex\code_github\Code sovereignDefault" /I ".\interface" /I "D:\Matlab_2026a\extern\include" /I "." -DMODEL=solver_interp_serial_mex /openmp /wd4101  toc.c /Fobuild\win64\toc.obj
toc.c
[3/17] cl /c /Zc:__cplusplus /Zp8 /GR /W3 /EHs /nologo /MD /D_CRT_SECURE_NO_DEPRECATE /D_SCL_SECURE_NO_DEPRECATE /D_SECURE_SCL=0   /DMATLAB_MEX_FILE  /DMATLAB_MEX_FILE /O2 /Oy- /DNDEBUG /fp:strict /utf-8 /I "." /I "D:\BaiduSyncdisk\working papers\Parallel computation with Mex\code_github\Code sovereignDefault" /I ".\interface" /I "D:\Matlab_2026a\extern\include" /I "." -DMODEL=solver_interp_serial_mex /openmp /wd4101  solver_interp_initialize.c /Fobuild\win64\solver_interp_initialize.obj
solver_interp_initialize.c
[4/17] cl /c /Zc:__cplusplus /Zp8 /GR /W3 /EHs /nologo /MD /D_CRT_SECURE_NO_DEPRECATE /D_SCL_SECURE_NO_DEPRECATE /D_SECURE_SCL=0   /DMATLAB_MEX_FILE  /DMATLAB_MEX_FILE /O2 /Oy- /DNDEBUG /fp:strict /utf-8 /I "." /I "D:\BaiduSyncdisk\working papers\Parallel computation with Mex\code_github\Code sovereignDefault" /I ".\interface" /I "D:\Matlab_2026a\extern\include" /I "." -DMODEL=solver_interp_serial_mex /openmp /wd4101  solver_interp_data.c /Fobuild\win64\solver_interp_data.obj
solver_interp_data.c
[5/17] cl /c /Zc:__cplusplus /Zp8 /GR /W3 /EHs /nologo /MD /D_CRT_SECURE_NO_DEPRECATE /D_SCL_SECURE_NO_DEPRECATE /D_SECURE_SCL=0   /DMATLAB_MEX_FILE  /DMATLAB_MEX_FILE /O2 /Oy- /DNDEBUG /fp:strict /utf-8 /I "." /I "D:\BaiduSyncdisk\working papers\Parallel computation with Mex\code_github\Code sovereignDefault" /I ".\interface" /I "D:\Matlab_2026a\extern\include" /I "." -DMODEL=solver_interp_serial_mex /openmp /wd4101  tic.c /Fobuild\win64\tic.obj
tic.c
[6/17] cl /c /Zc:__cplusplus /Zp8 /GR /W3 /EHs /nologo /MD /D_CRT_SECURE_NO_DEPRECATE /D_SCL_SECURE_NO_DEPRECATE /D_SECURE_SCL=0   /DMATLAB_MEX_FILE  /DMATLAB_MEX_FILE /O2 /Oy- /DNDEBUG /fp:strict /utf-8 /I "." /I "D:\BaiduSyncdisk\working papers\Parallel computation with Mex\code_github\Code sovereignDefault" /I ".\interface" /I "D:\Matlab_2026a\extern\include" /I "." -DMODEL=solver_interp_serial_mex /openmp /wd4101  mtimes.c /Fobuild\win64\mtimes.obj
mtimes.c
[7/17] cl /c /Zc:__cplusplus /Zp8 /GR /W3 /EHs /nologo /MD /D_CRT_SECURE_NO_DEPRECATE /D_SCL_SECURE_NO_DEPRECATE /D_SECURE_SCL=0   /DMATLAB_MEX_FILE  /DMATLAB_MEX_FILE /O2 /Oy- /DNDEBUG /fp:strict /utf-8 /I "." /I "D:\BaiduSyncdisk\working papers\Parallel computation with Mex\code_github\Code sovereignDefault" /I ".\interface" /I "D:\Matlab_2026a\extern\include" /I "." -DMODEL=solver_interp_serial_mex /openmp /wd4101  solver_interp_terminate.c /Fobuild\win64\solver_interp_terminate.obj
solver_interp_terminate.c
[8/17] cl /c /Zc:__cplusplus /Zp8 /GR /W3 /EHs /nologo /MD /D_CRT_SECURE_NO_DEPRECATE /D_SCL_SECURE_NO_DEPRECATE /D_SECURE_SCL=0   /DMATLAB_MEX_FILE  /DMATLAB_MEX_FILE /O2 /Oy- /DNDEBUG /fp:strict /utf-8 /I "." /I "D:\BaiduSyncdisk\working papers\Parallel computation with Mex\code_github\Code sovereignDefault" /I ".\interface" /I "D:\Matlab_2026a\extern\include" /I "." -DMODEL=solver_interp_serial_mex /openmp /wd4101  power.c /Fobuild\win64\power.obj
power.c
[9/17] cl /c /Zc:__cplusplus /Zp8 /GR /W3 /EHs /nologo /MD /D_CRT_SECURE_NO_DEPRECATE /D_SCL_SECURE_NO_DEPRECATE /D_SECURE_SCL=0   /DMATLAB_MEX_FILE  /DMATLAB_MEX_FILE /O2 /Oy- /DNDEBUG /fp:strict /utf-8 /I "." /I "D:\BaiduSyncdisk\working papers\Parallel computation with Mex\code_github\Code sovereignDefault" /I ".\interface" /I "D:\Matlab_2026a\extern\include" /I "." -DMODEL=solver_interp_serial_mex /openmp /wd4101  interp1_scal.c /Fobuild\win64\interp1_scal.obj
interp1_scal.c
[10/17] cl /c /Zc:__cplusplus /Zp8 /GR /W3 /EHs /nologo /MD /D_CRT_SECURE_NO_DEPRECATE /D_SCL_SECURE_NO_DEPRECATE /D_SECURE_SCL=0   /DMATLAB_MEX_FILE  /DMATLAB_MEX_FILE /O2 /Oy- /DNDEBUG /fp:strict /utf-8 /I "." /I "D:\BaiduSyncdisk\working papers\Parallel computation with Mex\code_github\Code sovereignDefault" /I ".\interface" /I "D:\Matlab_2026a\extern\include" /I "." -DMODEL=solver_interp_serial_mex /openmp /wd4101  D:\Matlab_2026a\extern\version\c_mexapi_version.c /Fobuild\win64\c_mexapi_version.obj
c_mexapi_version.c
[11/17] cl /c /Zc:__cplusplus /Zp8 /GR /W3 /EHs /nologo /MD /D_CRT_SECURE_NO_DEPRECATE /D_SCL_SECURE_NO_DEPRECATE /D_SECURE_SCL=0   /DMATLAB_MEX_FILE  /DMATLAB_MEX_FILE /O2 /Oy- /DNDEBUG /fp:strict /utf-8 /I "." /I "D:\BaiduSyncdisk\working papers\Parallel computation with Mex\code_github\Code sovereignDefault" /I ".\interface" /I "D:\Matlab_2026a\extern\include" /I "." -DMODEL=solver_interp_serial_mex /openmp /wd4101  solver_interp_mexutil.c /Fobuild\win64\solver_interp_mexutil.obj
solver_interp_mexutil.c
[12/17] cl /c /Zc:__cplusplus /Zp8 /GR /W3 /EHs /nologo /MD /D_CRT_SECURE_NO_DEPRECATE /D_SCL_SECURE_NO_DEPRECATE /D_SECURE_SCL=0   /DMATLAB_MEX_FILE  /DMATLAB_MEX_FILE /O2 /Oy- /DNDEBUG /fp:strict /utf-8 /I "." /I "D:\BaiduSyncdisk\working papers\Parallel computation with Mex\code_github\Code sovereignDefault" /I ".\interface" /I "D:\Matlab_2026a\extern\include" /I "." -DMODEL=solver_interp_serial_mex /openmp /wd4101  interface\_coder_solver_interp_api.c /Fobuild\win64\_coder_solver_interp_api.obj
_coder_solver_interp_api.c
[13/17] cl /c /Zc:__cplusplus /Zp8 /GR /W3 /EHs /nologo /MD /D_CRT_SECURE_NO_DEPRECATE /D_SCL_SECURE_NO_DEPRECATE /D_SECURE_SCL=0   /DMATLAB_MEX_FILE  /DMATLAB_MEX_FILE /O2 /Oy- /DNDEBUG /fp:strict /utf-8 /I "." /I "D:\BaiduSyncdisk\working papers\Parallel computation with Mex\code_github\Code sovereignDefault" /I ".\interface" /I "D:\Matlab_2026a\extern\include" /I "." -DMODEL=solver_interp_serial_mex /openmp /wd4101  interface\_coder_solver_interp_mex.c /Fobuild\win64\_coder_solver_interp_mex.obj
_coder_solver_interp_mex.c
[14/17] cl /c /Zc:__cplusplus /Zp8 /GR /W3 /EHs /nologo /MD /D_CRT_SECURE_NO_DEPRECATE /D_SCL_SECURE_NO_DEPRECATE /D_SECURE_SCL=0   /DMATLAB_MEX_FILE  /DMATLAB_MEX_FILE /O2 /Oy- /DNDEBUG /fp:strict /utf-8 /I "." /I "D:\BaiduSyncdisk\working papers\Parallel computation with Mex\code_github\Code sovereignDefault" /I ".\interface" /I "D:\Matlab_2026a\extern\include" /I "." -DMODEL=solver_interp_serial_mex /openmp /wd4101  interface\_coder_solver_interp_info.c /Fobuild\win64\_coder_solver_interp_info.obj
_coder_solver_interp_info.c
[15/17] cl /c /Zc:__cplusplus /Zp8 /GR /W3 /EHs /nologo /MD /D_CRT_SECURE_NO_DEPRECATE /D_SCL_SECURE_NO_DEPRECATE /D_SECURE_SCL=0   /DMATLAB_MEX_FILE  /DMATLAB_MEX_FILE /O2 /Oy- /DNDEBUG /fp:strict /utf-8 /I "." /I "D:\BaiduSyncdisk\working papers\Parallel computation with Mex\code_github\Code sovereignDefault" /I ".\interface" /I "D:\Matlab_2026a\extern\include" /I "." -DMODEL=solver_interp_serial_mex /openmp /wd4101  solver_interp.c /Fobuild\win64\solver_interp.obj
solver_interp.c
[16/17] cl /c /Zc:__cplusplus /Zp8 /GR /W3 /EHs /nologo /MD /D_CRT_SECURE_NO_DEPRECATE /D_SCL_SECURE_NO_DEPRECATE /D_SECURE_SCL=0   /DMATLAB_MEX_FILE  /DMATLAB_MEX_FILE /O2 /Oy- /DNDEBUG /fp:strict /utf-8 /I "." /I "D:\BaiduSyncdisk\working papers\Parallel computation with Mex\code_github\Code sovereignDefault" /I ".\interface" /I "D:\Matlab_2026a\extern\include" /I "." -DMODEL=solver_interp_serial_mex /openmp /wd4101  brent_min.c /Fobuild\win64\brent_min.obj
brent_min.c
[17/17] link @solver_interp_serial_mex.mexw64.rsp  /nologo    /DLL /LIBPATH:"D:\Matlab_2026a\extern\lib\win64\microsoft" libmx.lib libmex.lib libmat.lib kernel32.lib user32.lib gdi32.lib winspool.lib comdlg32.lib advapi32.lib shell32.lib ole32.lib oleaut32.lib uuid.lib odbc32.lib odbccp32.lib  /out:"solver_interp_serial_mex.mexw64" /LIBPATH:"D:\Matlab_2026a\extern\lib\win64\microsoft" libmwblas.lib libemlrt.lib libcovrt.lib libut.lib libmwmathutil.lib libiomp5md.lib /nodefaultlib:vcomp /LIBPATH:"D:\Matlab_2026a\bin\win64" /export:mexFunction /export:mexfilerequiredapiversion /export:emlrtMexFcnProperties /export:solver_interp /export:solver_interp_initialize /export:solver_interp_terminate /export:solver_interp_atexit /export:b_emlrt_marshallIn /export:k_emlrt_marshallIn /export:emlrt_marshallOut
   Creating library solver_interp_serial_mex.lib and object solver_interp_serial_mex.exp
