[1/15] cl /c /Zc:__cplusplus /Zp8 /GR /W3 /EHs /nologo /MD /D_CRT_SECURE_NO_DEPRECATE /D_SCL_SECURE_NO_DEPRECATE /D_SECURE_SCL=0   /DMATLAB_MEX_FILE  /DMATLAB_MEX_FILE /O2 /Oy- /DNDEBUG /fp:strict /utf-8 /I "." /I "D:\BaiduSyncdisk\working papers\Parallel computation with Mex\code_github\Code sovereignDefault" /I ".\interface" /I "D:\Matlab_2026a\extern\include" /I "." -DMODEL=solver_divide_mex /openmp /wd4101  rt_nonfinite.c /Fobuild\win64\rt_nonfinite.obj
rt_nonfinite.c
[2/15] cl /c /Zc:__cplusplus /Zp8 /GR /W3 /EHs /nologo /MD /D_CRT_SECURE_NO_DEPRECATE /D_SCL_SECURE_NO_DEPRECATE /D_SECURE_SCL=0   /DMATLAB_MEX_FILE  /DMATLAB_MEX_FILE /O2 /Oy- /DNDEBUG /fp:strict /utf-8 /I "." /I "D:\BaiduSyncdisk\working papers\Parallel computation with Mex\code_github\Code sovereignDefault" /I ".\interface" /I "D:\Matlab_2026a\extern\include" /I "." -DMODEL=solver_divide_mex /openmp /wd4101  solver_divide_data.c /Fobuild\win64\solver_divide_data.obj
solver_divide_data.c
[3/15] cl /c /Zc:__cplusplus /Zp8 /GR /W3 /EHs /nologo /MD /D_CRT_SECURE_NO_DEPRECATE /D_SCL_SECURE_NO_DEPRECATE /D_SECURE_SCL=0   /DMATLAB_MEX_FILE  /DMATLAB_MEX_FILE /O2 /Oy- /DNDEBUG /fp:strict /utf-8 /I "." /I "D:\BaiduSyncdisk\working papers\Parallel computation with Mex\code_github\Code sovereignDefault" /I ".\interface" /I "D:\Matlab_2026a\extern\include" /I "." -DMODEL=solver_divide_mex /openmp /wd4101  solver_divide_terminate.c /Fobuild\win64\solver_divide_terminate.obj
solver_divide_terminate.c
[4/15] cl /c /Zc:__cplusplus /Zp8 /GR /W3 /EHs /nologo /MD /D_CRT_SECURE_NO_DEPRECATE /D_SCL_SECURE_NO_DEPRECATE /D_SECURE_SCL=0   /DMATLAB_MEX_FILE  /DMATLAB_MEX_FILE /O2 /Oy- /DNDEBUG /fp:strict /utf-8 /I "." /I "D:\BaiduSyncdisk\working papers\Parallel computation with Mex\code_github\Code sovereignDefault" /I ".\interface" /I "D:\Matlab_2026a\extern\include" /I "." -DMODEL=solver_divide_mex /openmp /wd4101  solver_divide_initialize.c /Fobuild\win64\solver_divide_initialize.obj
solver_divide_initialize.c
[5/15] cl /c /Zc:__cplusplus /Zp8 /GR /W3 /EHs /nologo /MD /D_CRT_SECURE_NO_DEPRECATE /D_SCL_SECURE_NO_DEPRECATE /D_SECURE_SCL=0   /DMATLAB_MEX_FILE  /DMATLAB_MEX_FILE /O2 /Oy- /DNDEBUG /fp:strict /utf-8 /I "." /I "D:\BaiduSyncdisk\working papers\Parallel computation with Mex\code_github\Code sovereignDefault" /I ".\interface" /I "D:\Matlab_2026a\extern\include" /I "." -DMODEL=solver_divide_mex /openmp /wd4101  tic.c /Fobuild\win64\tic.obj
tic.c
[6/15] cl /c /Zc:__cplusplus /Zp8 /GR /W3 /EHs /nologo /MD /D_CRT_SECURE_NO_DEPRECATE /D_SCL_SECURE_NO_DEPRECATE /D_SECURE_SCL=0   /DMATLAB_MEX_FILE  /DMATLAB_MEX_FILE /O2 /Oy- /DNDEBUG /fp:strict /utf-8 /I "." /I "D:\BaiduSyncdisk\working papers\Parallel computation with Mex\code_github\Code sovereignDefault" /I ".\interface" /I "D:\Matlab_2026a\extern\include" /I "." -DMODEL=solver_divide_mex /openmp /wd4101  power.c /Fobuild\win64\power.obj
power.c
[7/15] cl /c /Zc:__cplusplus /Zp8 /GR /W3 /EHs /nologo /MD /D_CRT_SECURE_NO_DEPRECATE /D_SCL_SECURE_NO_DEPRECATE /D_SECURE_SCL=0   /DMATLAB_MEX_FILE  /DMATLAB_MEX_FILE /O2 /Oy- /DNDEBUG /fp:strict /utf-8 /I "." /I "D:\BaiduSyncdisk\working papers\Parallel computation with Mex\code_github\Code sovereignDefault" /I ".\interface" /I "D:\Matlab_2026a\extern\include" /I "." -DMODEL=solver_divide_mex /openmp /wd4101  mtimes.c /Fobuild\win64\mtimes.obj
mtimes.c
[8/15] cl /c /Zc:__cplusplus /Zp8 /GR /W3 /EHs /nologo /MD /D_CRT_SECURE_NO_DEPRECATE /D_SCL_SECURE_NO_DEPRECATE /D_SECURE_SCL=0   /DMATLAB_MEX_FILE  /DMATLAB_MEX_FILE /O2 /Oy- /DNDEBUG /fp:strict /utf-8 /I "." /I "D:\BaiduSyncdisk\working papers\Parallel computation with Mex\code_github\Code sovereignDefault" /I ".\interface" /I "D:\Matlab_2026a\extern\include" /I "." -DMODEL=solver_divide_mex /openmp /wd4101  D:\Matlab_2026a\extern\version\c_mexapi_version.c /Fobuild\win64\c_mexapi_version.obj
c_mexapi_version.c
[9/15] cl /c /Zc:__cplusplus /Zp8 /GR /W3 /EHs /nologo /MD /D_CRT_SECURE_NO_DEPRECATE /D_SCL_SECURE_NO_DEPRECATE /D_SECURE_SCL=0   /DMATLAB_MEX_FILE  /DMATLAB_MEX_FILE /O2 /Oy- /DNDEBUG /fp:strict /utf-8 /I "." /I "D:\BaiduSyncdisk\working papers\Parallel computation with Mex\code_github\Code sovereignDefault" /I ".\interface" /I "D:\Matlab_2026a\extern\include" /I "." -DMODEL=solver_divide_mex /openmp /wd4101  toc.c /Fobuild\win64\toc.obj
toc.c
[10/15] cl /c /Zc:__cplusplus /Zp8 /GR /W3 /EHs /nologo /MD /D_CRT_SECURE_NO_DEPRECATE /D_SCL_SECURE_NO_DEPRECATE /D_SECURE_SCL=0   /DMATLAB_MEX_FILE  /DMATLAB_MEX_FILE /O2 /Oy- /DNDEBUG /fp:strict /utf-8 /I "." /I "D:\BaiduSyncdisk\working papers\Parallel computation with Mex\code_github\Code sovereignDefault" /I ".\interface" /I "D:\Matlab_2026a\extern\include" /I "." -DMODEL=solver_divide_mex /openmp /wd4101  solver_divide_mexutil.c /Fobuild\win64\solver_divide_mexutil.obj
solver_divide_mexutil.c
[11/15] cl /c /Zc:__cplusplus /Zp8 /GR /W3 /EHs /nologo /MD /D_CRT_SECURE_NO_DEPRECATE /D_SCL_SECURE_NO_DEPRECATE /D_SECURE_SCL=0   /DMATLAB_MEX_FILE  /DMATLAB_MEX_FILE /O2 /Oy- /DNDEBUG /fp:strict /utf-8 /I "." /I "D:\BaiduSyncdisk\working papers\Parallel computation with Mex\code_github\Code sovereignDefault" /I ".\interface" /I "D:\Matlab_2026a\extern\include" /I "." -DMODEL=solver_divide_mex /openmp /wd4101  interface\_coder_solver_divide_api.c /Fobuild\win64\_coder_solver_divide_api.obj
_coder_solver_divide_api.c
[12/15] cl /c /Zc:__cplusplus /Zp8 /GR /W3 /EHs /nologo /MD /D_CRT_SECURE_NO_DEPRECATE /D_SCL_SECURE_NO_DEPRECATE /D_SECURE_SCL=0   /DMATLAB_MEX_FILE  /DMATLAB_MEX_FILE /O2 /Oy- /DNDEBUG /fp:strict /utf-8 /I "." /I "D:\BaiduSyncdisk\working papers\Parallel computation with Mex\code_github\Code sovereignDefault" /I ".\interface" /I "D:\Matlab_2026a\extern\include" /I "." -DMODEL=solver_divide_mex /openmp /wd4101  interface\_coder_solver_divide_mex.c /Fobuild\win64\_coder_solver_divide_mex.obj
_coder_solver_divide_mex.c
[13/15] cl /c /Zc:__cplusplus /Zp8 /GR /W3 /EHs /nologo /MD /D_CRT_SECURE_NO_DEPRECATE /D_SCL_SECURE_NO_DEPRECATE /D_SECURE_SCL=0   /DMATLAB_MEX_FILE  /DMATLAB_MEX_FILE /O2 /Oy- /DNDEBUG /fp:strict /utf-8 /I "." /I "D:\BaiduSyncdisk\working papers\Parallel computation with Mex\code_github\Code sovereignDefault" /I ".\interface" /I "D:\Matlab_2026a\extern\include" /I "." -DMODEL=solver_divide_mex /openmp /wd4101  interface\_coder_solver_divide_info.c /Fobuild\win64\_coder_solver_divide_info.obj
_coder_solver_divide_info.c
[14/15] cl /c /Zc:__cplusplus /Zp8 /GR /W3 /EHs /nologo /MD /D_CRT_SECURE_NO_DEPRECATE /D_SCL_SECURE_NO_DEPRECATE /D_SECURE_SCL=0   /DMATLAB_MEX_FILE  /DMATLAB_MEX_FILE /O2 /Oy- /DNDEBUG /fp:strict /utf-8 /I "." /I "D:\BaiduSyncdisk\working papers\Parallel computation with Mex\code_github\Code sovereignDefault" /I ".\interface" /I "D:\Matlab_2026a\extern\include" /I "." -DMODEL=solver_divide_mex /openmp /wd4101  solver_divide.c /Fobuild\win64\solver_divide.obj
solver_divide.c
[15/15] link @solver_divide_mex.mexw64.rsp  /nologo    /DLL /LIBPATH:"D:\Matlab_2026a\extern\lib\win64\microsoft" libmx.lib libmex.lib libmat.lib kernel32.lib user32.lib gdi32.lib winspool.lib comdlg32.lib advapi32.lib shell32.lib ole32.lib oleaut32.lib uuid.lib odbc32.lib odbccp32.lib  /out:"solver_divide_mex.mexw64" /LIBPATH:"D:\Matlab_2026a\extern\lib\win64\microsoft" libmwblas.lib libemlrt.lib libcovrt.lib libut.lib libmwmathutil.lib libiomp5md.lib /nodefaultlib:vcomp /LIBPATH:"D:\Matlab_2026a\bin\win64" /export:mexFunction /export:mexfilerequiredapiversion /export:emlrtMexFcnProperties /export:solver_divide /export:solver_divide_initialize /export:solver_divide_terminate /export:solver_divide_atexit /export:b_emlrt_marshallIn /export:k_emlrt_marshallIn /export:emlrt_marshallOut
   Creating library solver_divide_mex.lib and object solver_divide_mex.exp
