[1/14] cl /c /Zc:__cplusplus /Zp8 /GR /W3 /EHs /nologo /MD /D_CRT_SECURE_NO_DEPRECATE /D_SCL_SECURE_NO_DEPRECATE /D_SECURE_SCL=0   /DMATLAB_MEX_FILE  /DMATLAB_MEX_FILE /O2 /Oy- /DNDEBUG /fp:strict /utf-8 /I "." /I "D:\BaiduSyncdisk\working papers\Parallel computation with Mex\code_gitrepo\Code sovereignDefault" /I "D:\Matlab_2026a\toolbox\gpucoder\src\gpucoderrt\export\include\gpucoderrt" /I "D:\Matlab_2026a\sys\cuda\win64\cuda\include" /I ".\interface" /I "D:\Matlab_2026a\extern\include" /I "." -DMW_CUDA_ARCH=900 -DMW_GPU_MEMORY_MANAGER -DMODEL=solver_interp_cuda_mex -DMW_NEEDS_VERSION_H   interface\_coder_solver_interp_cuda_info.cpp /Fobuild\win64\_coder_solver_interp_cuda_info.obj
_coder_solver_interp_cuda_info.cpp
[2/14] nvcc -c -rdc=true -Wno-deprecated-gpu-targets -Xcompiler "/wd 4819" -Xcompiler "/MD" -Xcudafe "--display_error_number --diag_suppress=2381 --diag_suppress=unsigned_compare_with_zero --diag_suppress=useless_type_qualifier_on_return_type" -D_GNU_SOURCE -DMATLAB_MEX_FILE --no-exceptions -Xcompiler "/EHa" -noprof -ldir "D:\Matlab_2026a/bin/win64" -Xcompiler "/utf-8" -I "." -I "D:\BaiduSyncdisk\working papers\Parallel computation with Mex\code_gitrepo\Code sovereignDefault" -I "D:\Matlab_2026a\toolbox\gpucoder\src\gpucoderrt\export\include\gpucoderrt" -I "D:\Matlab_2026a\sys\cuda\win64\cuda\include" -I ".\interface" -I "D:\Matlab_2026a\extern\include" -I "." -DMW_CUDA_ARCH=900 -DMW_GPU_MEMORY_MANAGER -DMODEL=solver_interp_cuda_mex -DMW_NEEDS_VERSION_H  -arch sm_90 -dlto -I "D:\Matlab_2026a/simulink/include" -I "D:\Matlab_2026a/toolbox/shared/simtargets" MWCUBLASUtils.cpp -o build\win64\MWCUBLASUtils.obj
MWCUBLASUtils.cpp
[3/14] nvcc -c -rdc=true -Wno-deprecated-gpu-targets -Xcompiler "/wd 4819" -Xcompiler "/MD" -Xcudafe "--display_error_number --diag_suppress=2381 --diag_suppress=unsigned_compare_with_zero --diag_suppress=useless_type_qualifier_on_return_type" -D_GNU_SOURCE -DMATLAB_MEX_FILE --no-exceptions -Xcompiler "/EHa" -noprof -ldir "D:\Matlab_2026a/bin/win64" -Xcompiler "/utf-8" -I "." -I "D:\BaiduSyncdisk\working papers\Parallel computation with Mex\code_gitrepo\Code sovereignDefault" -I "D:\Matlab_2026a\toolbox\gpucoder\src\gpucoderrt\export\include\gpucoderrt" -I "D:\Matlab_2026a\sys\cuda\win64\cuda\include" -I ".\interface" -I "D:\Matlab_2026a\extern\include" -I "." -DMW_CUDA_ARCH=900 -DMW_GPU_MEMORY_MANAGER -DMODEL=solver_interp_cuda_mex -DMW_NEEDS_VERSION_H  -arch sm_90 -dlto -I "D:\Matlab_2026a/simulink/include" -I "D:\Matlab_2026a/toolbox/shared/simtargets" cpp_mexapi_version.cpp -o build\win64\cpp_mexapi_version.obj
cpp_mexapi_version.cpp
[4/14] nvcc -c -rdc=true -Wno-deprecated-gpu-targets -Xcompiler "/wd 4819" -Xcompiler "/MD" -Xcudafe "--display_error_number --diag_suppress=2381 --diag_suppress=unsigned_compare_with_zero --diag_suppress=useless_type_qualifier_on_return_type" -D_GNU_SOURCE -DMATLAB_MEX_FILE --no-exceptions -Xcompiler "/EHa" -noprof -ldir "D:\Matlab_2026a/bin/win64" -Xcompiler "/utf-8" -I "." -I "D:\BaiduSyncdisk\working papers\Parallel computation with Mex\code_gitrepo\Code sovereignDefault" -I "D:\Matlab_2026a\toolbox\gpucoder\src\gpucoderrt\export\include\gpucoderrt" -I "D:\Matlab_2026a\sys\cuda\win64\cuda\include" -I ".\interface" -I "D:\Matlab_2026a\extern\include" -I "." -DMW_CUDA_ARCH=900 -DMW_GPU_MEMORY_MANAGER -DMODEL=solver_interp_cuda_mex -DMW_NEEDS_VERSION_H  -arch sm_90 -dlto -I "D:\Matlab_2026a/simulink/include" -I "D:\Matlab_2026a/toolbox/shared/simtargets" rt_nonfinite.cu -o build\win64\rt_nonfinite.obj
rt_nonfinite.cu
tmpxft_00001ed0_00000000-10_rt_nonfinite.cudafe1.cpp
[5/14] nvcc -c -rdc=true -Wno-deprecated-gpu-targets -Xcompiler "/wd 4819" -Xcompiler "/MD" -Xcudafe "--display_error_number --diag_suppress=2381 --diag_suppress=unsigned_compare_with_zero --diag_suppress=useless_type_qualifier_on_return_type" -D_GNU_SOURCE -DMATLAB_MEX_FILE --no-exceptions -Xcompiler "/EHa" -noprof -ldir "D:\Matlab_2026a/bin/win64" -Xcompiler "/utf-8" -I "." -I "D:\BaiduSyncdisk\working papers\Parallel computation with Mex\code_gitrepo\Code sovereignDefault" -I "D:\Matlab_2026a\toolbox\gpucoder\src\gpucoderrt\export\include\gpucoderrt" -I "D:\Matlab_2026a\sys\cuda\win64\cuda\include" -I ".\interface" -I "D:\Matlab_2026a\extern\include" -I "." -DMW_CUDA_ARCH=900 -DMW_GPU_MEMORY_MANAGER -DMODEL=solver_interp_cuda_mex -DMW_NEEDS_VERSION_H  -arch sm_90 -dlto -I "D:\Matlab_2026a/simulink/include" -I "D:\Matlab_2026a/toolbox/shared/simtargets" solver_interp_cuda_data.cu -o build\win64\solver_interp_cuda_data.obj
solver_interp_cuda_data.cu
tmpxft_00005674_00000000-10_solver_interp_cuda_data.cudafe1.cpp
[6/14] nvcc -c -rdc=true -Wno-deprecated-gpu-targets -Xcompiler "/wd 4819" -Xcompiler "/MD" -Xcudafe "--display_error_number --diag_suppress=2381 --diag_suppress=unsigned_compare_with_zero --diag_suppress=useless_type_qualifier_on_return_type" -D_GNU_SOURCE -DMATLAB_MEX_FILE --no-exceptions -Xcompiler "/EHa" -noprof -ldir "D:\Matlab_2026a/bin/win64" -Xcompiler "/utf-8" -I "." -I "D:\BaiduSyncdisk\working papers\Parallel computation with Mex\code_gitrepo\Code sovereignDefault" -I "D:\Matlab_2026a\toolbox\gpucoder\src\gpucoderrt\export\include\gpucoderrt" -I "D:\Matlab_2026a\sys\cuda\win64\cuda\include" -I ".\interface" -I "D:\Matlab_2026a\extern\include" -I "." -DMW_CUDA_ARCH=900 -DMW_GPU_MEMORY_MANAGER -DMODEL=solver_interp_cuda_mex -DMW_NEEDS_VERSION_H  -arch sm_90 -dlto -I "D:\Matlab_2026a/simulink/include" -I "D:\Matlab_2026a/toolbox/shared/simtargets" tic.cu -o build\win64\tic.obj
tic.cu
tmpxft_000053b0_00000000-10_tic.cudafe1.cpp
[7/14] nvcc -c -rdc=true -Wno-deprecated-gpu-targets -Xcompiler "/wd 4819" -Xcompiler "/MD" -Xcudafe "--display_error_number --diag_suppress=2381 --diag_suppress=unsigned_compare_with_zero --diag_suppress=useless_type_qualifier_on_return_type" -D_GNU_SOURCE -DMATLAB_MEX_FILE --no-exceptions -Xcompiler "/EHa" -noprof -ldir "D:\Matlab_2026a/bin/win64" -Xcompiler "/utf-8" -I "." -I "D:\BaiduSyncdisk\working papers\Parallel computation with Mex\code_gitrepo\Code sovereignDefault" -I "D:\Matlab_2026a\toolbox\gpucoder\src\gpucoderrt\export\include\gpucoderrt" -I "D:\Matlab_2026a\sys\cuda\win64\cuda\include" -I ".\interface" -I "D:\Matlab_2026a\extern\include" -I "." -DMW_CUDA_ARCH=900 -DMW_GPU_MEMORY_MANAGER -DMODEL=solver_interp_cuda_mex -DMW_NEEDS_VERSION_H  -arch sm_90 -dlto -I "D:\Matlab_2026a/simulink/include" -I "D:\Matlab_2026a/toolbox/shared/simtargets" interface\_coder_solver_interp_cuda_api.cu -o build\win64\_coder_solver_interp_cuda_api.obj
_coder_solver_interp_cuda_api.cu
tmpxft_00007128_00000000-10__coder_solver_interp_cuda_api.cudafe1.cpp
[8/14] nvcc -c -rdc=true -Wno-deprecated-gpu-targets -Xcompiler "/wd 4819" -Xcompiler "/MD" -Xcudafe "--display_error_number --diag_suppress=2381 --diag_suppress=unsigned_compare_with_zero --diag_suppress=useless_type_qualifier_on_return_type" -D_GNU_SOURCE -DMATLAB_MEX_FILE --no-exceptions -Xcompiler "/EHa" -noprof -ldir "D:\Matlab_2026a/bin/win64" -Xcompiler "/utf-8" -I "." -I "D:\BaiduSyncdisk\working papers\Parallel computation with Mex\code_gitrepo\Code sovereignDefault" -I "D:\Matlab_2026a\toolbox\gpucoder\src\gpucoderrt\export\include\gpucoderrt" -I "D:\Matlab_2026a\sys\cuda\win64\cuda\include" -I ".\interface" -I "D:\Matlab_2026a\extern\include" -I "." -DMW_CUDA_ARCH=900 -DMW_GPU_MEMORY_MANAGER -DMODEL=solver_interp_cuda_mex -DMW_NEEDS_VERSION_H  -arch sm_90 -dlto -I "D:\Matlab_2026a/simulink/include" -I "D:\Matlab_2026a/toolbox/shared/simtargets" toc.cu -o build\win64\toc.obj
toc.cu
tmpxft_00001820_00000000-10_toc.cudafe1.cpp
[9/14] nvcc -c -rdc=true -Wno-deprecated-gpu-targets -Xcompiler "/wd 4819" -Xcompiler "/MD" -Xcudafe "--display_error_number --diag_suppress=2381 --diag_suppress=unsigned_compare_with_zero --diag_suppress=useless_type_qualifier_on_return_type" -D_GNU_SOURCE -DMATLAB_MEX_FILE --no-exceptions -Xcompiler "/EHa" -noprof -ldir "D:\Matlab_2026a/bin/win64" -Xcompiler "/utf-8" -I "." -I "D:\BaiduSyncdisk\working papers\Parallel computation with Mex\code_gitrepo\Code sovereignDefault" -I "D:\Matlab_2026a\toolbox\gpucoder\src\gpucoderrt\export\include\gpucoderrt" -I "D:\Matlab_2026a\sys\cuda\win64\cuda\include" -I ".\interface" -I "D:\Matlab_2026a\extern\include" -I "." -DMW_CUDA_ARCH=900 -DMW_GPU_MEMORY_MANAGER -DMODEL=solver_interp_cuda_mex -DMW_NEEDS_VERSION_H  -arch sm_90 -dlto -I "D:\Matlab_2026a/simulink/include" -I "D:\Matlab_2026a/toolbox/shared/simtargets" solver_interp_cuda_mexutil.cu -o build\win64\solver_interp_cuda_mexutil.obj
solver_interp_cuda_mexutil.cu
tmpxft_00005570_00000000-10_solver_interp_cuda_mexutil.cudafe1.cpp
[10/14] nvcc -c -rdc=true -Wno-deprecated-gpu-targets -Xcompiler "/wd 4819" -Xcompiler "/MD" -Xcudafe "--display_error_number --diag_suppress=2381 --diag_suppress=unsigned_compare_with_zero --diag_suppress=useless_type_qualifier_on_return_type" -D_GNU_SOURCE -DMATLAB_MEX_FILE --no-exceptions -Xcompiler "/EHa" -noprof -ldir "D:\Matlab_2026a/bin/win64" -Xcompiler "/utf-8" -I "." -I "D:\BaiduSyncdisk\working papers\Parallel computation with Mex\code_gitrepo\Code sovereignDefault" -I "D:\Matlab_2026a\toolbox\gpucoder\src\gpucoderrt\export\include\gpucoderrt" -I "D:\Matlab_2026a\sys\cuda\win64\cuda\include" -I ".\interface" -I "D:\Matlab_2026a\extern\include" -I "." -DMW_CUDA_ARCH=900 -DMW_GPU_MEMORY_MANAGER -DMODEL=solver_interp_cuda_mex -DMW_NEEDS_VERSION_H  -arch sm_90 -dlto -I "D:\Matlab_2026a/simulink/include" -I "D:\Matlab_2026a/toolbox/shared/simtargets" interface\_coder_solver_interp_cuda_mex.cu -o build\win64\_coder_solver_interp_cuda_mex.obj
_coder_solver_interp_cuda_mex.cu
tmpxft_00006de0_00000000-10__coder_solver_interp_cuda_mex.cudafe1.cpp
[11/14] nvcc -c -rdc=true -Wno-deprecated-gpu-targets -Xcompiler "/wd 4819" -Xcompiler "/MD" -Xcudafe "--display_error_number --diag_suppress=2381 --diag_suppress=unsigned_compare_with_zero --diag_suppress=useless_type_qualifier_on_return_type" -D_GNU_SOURCE -DMATLAB_MEX_FILE --no-exceptions -Xcompiler "/EHa" -noprof -ldir "D:\Matlab_2026a/bin/win64" -Xcompiler "/utf-8" -I "." -I "D:\BaiduSyncdisk\working papers\Parallel computation with Mex\code_gitrepo\Code sovereignDefault" -I "D:\Matlab_2026a\toolbox\gpucoder\src\gpucoderrt\export\include\gpucoderrt" -I "D:\Matlab_2026a\sys\cuda\win64\cuda\include" -I ".\interface" -I "D:\Matlab_2026a\extern\include" -I "." -DMW_CUDA_ARCH=900 -DMW_GPU_MEMORY_MANAGER -DMODEL=solver_interp_cuda_mex -DMW_NEEDS_VERSION_H  -arch sm_90 -dlto -I "D:\Matlab_2026a/simulink/include" -I "D:\Matlab_2026a/toolbox/shared/simtargets" solver_interp_cuda_initialize.cu -o build\win64\solver_interp_cuda_initialize.obj
solver_interp_cuda_initialize.cu
tmpxft_00007140_00000000-10_solver_interp_cuda_initialize.cudafe1.cpp
[12/14] nvcc -c -rdc=true -Wno-deprecated-gpu-targets -Xcompiler "/wd 4819" -Xcompiler "/MD" -Xcudafe "--display_error_number --diag_suppress=2381 --diag_suppress=unsigned_compare_with_zero --diag_suppress=useless_type_qualifier_on_return_type" -D_GNU_SOURCE -DMATLAB_MEX_FILE --no-exceptions -Xcompiler "/EHa" -noprof -ldir "D:\Matlab_2026a/bin/win64" -Xcompiler "/utf-8" -I "." -I "D:\BaiduSyncdisk\working papers\Parallel computation with Mex\code_gitrepo\Code sovereignDefault" -I "D:\Matlab_2026a\toolbox\gpucoder\src\gpucoderrt\export\include\gpucoderrt" -I "D:\Matlab_2026a\sys\cuda\win64\cuda\include" -I ".\interface" -I "D:\Matlab_2026a\extern\include" -I "." -DMW_CUDA_ARCH=900 -DMW_GPU_MEMORY_MANAGER -DMODEL=solver_interp_cuda_mex -DMW_NEEDS_VERSION_H  -arch sm_90 -dlto -I "D:\Matlab_2026a/simulink/include" -I "D:\Matlab_2026a/toolbox/shared/simtargets" solver_interp_cuda_terminate.cu -o build\win64\solver_interp_cuda_terminate.obj
solver_interp_cuda_terminate.cu
tmpxft_00006784_00000000-10_solver_interp_cuda_terminate.cudafe1.cpp
[13/14] nvcc -c -rdc=true -Wno-deprecated-gpu-targets -Xcompiler "/wd 4819" -Xcompiler "/MD" -Xcudafe "--display_error_number --diag_suppress=2381 --diag_suppress=unsigned_compare_with_zero --diag_suppress=useless_type_qualifier_on_return_type" -D_GNU_SOURCE -DMATLAB_MEX_FILE --no-exceptions -Xcompiler "/EHa" -noprof -ldir "D:\Matlab_2026a/bin/win64" -Xcompiler "/utf-8" -I "." -I "D:\BaiduSyncdisk\working papers\Parallel computation with Mex\code_gitrepo\Code sovereignDefault" -I "D:\Matlab_2026a\toolbox\gpucoder\src\gpucoderrt\export\include\gpucoderrt" -I "D:\Matlab_2026a\sys\cuda\win64\cuda\include" -I ".\interface" -I "D:\Matlab_2026a\extern\include" -I "." -DMW_CUDA_ARCH=900 -DMW_GPU_MEMORY_MANAGER -DMODEL=solver_interp_cuda_mex -DMW_NEEDS_VERSION_H  -arch sm_90 -dlto -I "D:\Matlab_2026a/simulink/include" -I "D:\Matlab_2026a/toolbox/shared/simtargets" solver_interp_cuda.cu -o build\win64\solver_interp_cuda.obj
solver_interp_cuda.cu
tmpxft_00004a20_00000000-10_solver_interp_cuda.cudafe1.cpp
[14/14] nvcc  -Xlinker /nologo -Xlinker /DLL -L"D:\Matlab_2026a\extern\lib\win64\microsoft" libmx.lib libmex.lib libmat.lib kernel32.lib user32.lib gdi32.lib winspool.lib comdlg32.lib advapi32.lib shell32.lib ole32.lib oleaut32.lib uuid.lib odbc32.lib odbccp32.lib   -L"D:\Matlab_2026a\sys\cuda\win64\cuda\lib\x64" -L"D:\Matlab_2026a\bin\win64" libemlrt.lib libcovrt.lib libut.lib libmwmathutil.lib -L"D:\Matlab_2026a\lib\win64" gpucoderrt.lib -arch sm_90 -I"D:\Matlab_2026a\sys\cuda\win64\cuda\include" -lcublas -lcusolver -lcufft -lcurand -lcusparse -dlto -Xnvlink -w  -Wno-deprecated-gpu-targets -Xlinker /NODEFAULTLIB:libcmt.lib -o solver_interp_cuda_mex.mexw64 build\win64\MWCUBLASUtils.obj build\win64\solver_interp_cuda_data.obj build\win64\rt_nonfinite.obj build\win64\solver_interp_cuda_initialize.obj build\win64\solver_interp_cuda_terminate.obj build\win64\solver_interp_cuda.obj build\win64\tic.obj build\win64\toc.obj build\win64\_coder_solver_interp_cuda_api.obj build\win64\_coder_solver_interp_cuda_mex.obj build\win64\solver_interp_cuda_mexutil.obj build\win64\_coder_solver_interp_cuda_info.obj build\win64\cpp_mexapi_version.obj
libmx.lib
libmex.lib
libmat.lib
kernel32.lib
user32.lib
gdi32.lib
winspool.lib
comdlg32.lib
advapi32.lib
shell32.lib
ole32.lib
oleaut32.lib
uuid.lib
odbc32.lib
odbccp32.lib
libemlrt.lib
libcovrt.lib
libut.lib
libmwmathutil.lib
gpucoderrt.lib
MWCUBLASUtils.obj
solver_interp_cuda_data.obj
rt_nonfinite.obj
solver_interp_cuda_initialize.obj
solver_interp_cuda_terminate.obj
solver_interp_cuda.obj
tic.obj
toc.obj
_coder_solver_interp_cuda_api.obj
_coder_solver_interp_cuda_mex.obj
solver_interp_cuda_mexutil.obj
_coder_solver_interp_cuda_info.obj
cpp_mexapi_version.obj
   Creating library solver_interp_cuda_mex.lib and object solver_interp_cuda_mex.exp
