[1/12] cl /c /Zc:__cplusplus /Zp8 /GR /W3 /EHs /nologo /MD /D_CRT_SECURE_NO_DEPRECATE /D_SCL_SECURE_NO_DEPRECATE /D_SECURE_SCL=0   /DMATLAB_MEX_FILE  /DMATLAB_MEX_FILE /O2 /Oy- /DNDEBUG /fp:strict /utf-8 /I "." /I "D:\BaiduSyncdisk\working papers\Parallel computation with Mex\code_github\Code heteroAgents" /I "D:\Matlab_2026a\toolbox\gpucoder\src\gpucoderrt\export\include\gpucoderrt" /I "D:\Matlab_2026a\sys\cuda\win64\cuda\include" /I ".\interface" /I "D:\Matlab_2026a\extern\include" /I "." -DMW_CUDA_ARCH=900 -DMW_GPU_MEMORY_MANAGER -DMODEL=model_subfuns_cuda_fused_mex -DMW_NEEDS_VERSION_H   interface\_coder_model_subfuns_cuda_fused_info.cpp /Fobuild\win64\_coder_model_subfuns_cuda_fused_info.obj
_coder_model_subfuns_cuda_fused_info.cpp
[2/12] nvcc -c -rdc=true -Wno-deprecated-gpu-targets -Xcompiler "/wd 4819" -Xcompiler "/MD" -Xcudafe "--display_error_number --diag_suppress=2381 --diag_suppress=unsigned_compare_with_zero --diag_suppress=useless_type_qualifier_on_return_type" -D_GNU_SOURCE -DMATLAB_MEX_FILE --no-exceptions -Xcompiler "/EHa" -noprof -ldir "D:\Matlab_2026a/bin/win64" -Xcompiler "/utf-8" -I "." -I "D:\BaiduSyncdisk\working papers\Parallel computation with Mex\code_github\Code heteroAgents" -I "D:\Matlab_2026a\toolbox\gpucoder\src\gpucoderrt\export\include\gpucoderrt" -I "D:\Matlab_2026a\sys\cuda\win64\cuda\include" -I ".\interface" -I "D:\Matlab_2026a\extern\include" -I "." -DMW_CUDA_ARCH=900 -DMW_GPU_MEMORY_MANAGER -DMODEL=model_subfuns_cuda_fused_mex -DMW_NEEDS_VERSION_H  -arch sm_90 -dlto -I "D:\Matlab_2026a/simulink/include" -I "D:\Matlab_2026a/toolbox/shared/simtargets" MWCUBLASUtils.cpp -o build\win64\MWCUBLASUtils.obj
MWCUBLASUtils.cpp
[3/12] nvcc -c -rdc=true -Wno-deprecated-gpu-targets -Xcompiler "/wd 4819" -Xcompiler "/MD" -Xcudafe "--display_error_number --diag_suppress=2381 --diag_suppress=unsigned_compare_with_zero --diag_suppress=useless_type_qualifier_on_return_type" -D_GNU_SOURCE -DMATLAB_MEX_FILE --no-exceptions -Xcompiler "/EHa" -noprof -ldir "D:\Matlab_2026a/bin/win64" -Xcompiler "/utf-8" -I "." -I "D:\BaiduSyncdisk\working papers\Parallel computation with Mex\code_github\Code heteroAgents" -I "D:\Matlab_2026a\toolbox\gpucoder\src\gpucoderrt\export\include\gpucoderrt" -I "D:\Matlab_2026a\sys\cuda\win64\cuda\include" -I ".\interface" -I "D:\Matlab_2026a\extern\include" -I "." -DMW_CUDA_ARCH=900 -DMW_GPU_MEMORY_MANAGER -DMODEL=model_subfuns_cuda_fused_mex -DMW_NEEDS_VERSION_H  -arch sm_90 -dlto -I "D:\Matlab_2026a/simulink/include" -I "D:\Matlab_2026a/toolbox/shared/simtargets" cpp_mexapi_version.cpp -o build\win64\cpp_mexapi_version.obj
cpp_mexapi_version.cpp
[4/12] nvcc -c -rdc=true -Wno-deprecated-gpu-targets -Xcompiler "/wd 4819" -Xcompiler "/MD" -Xcudafe "--display_error_number --diag_suppress=2381 --diag_suppress=unsigned_compare_with_zero --diag_suppress=useless_type_qualifier_on_return_type" -D_GNU_SOURCE -DMATLAB_MEX_FILE --no-exceptions -Xcompiler "/EHa" -noprof -ldir "D:\Matlab_2026a/bin/win64" -Xcompiler "/utf-8" -I "." -I "D:\BaiduSyncdisk\working papers\Parallel computation with Mex\code_github\Code heteroAgents" -I "D:\Matlab_2026a\toolbox\gpucoder\src\gpucoderrt\export\include\gpucoderrt" -I "D:\Matlab_2026a\sys\cuda\win64\cuda\include" -I ".\interface" -I "D:\Matlab_2026a\extern\include" -I "." -DMW_CUDA_ARCH=900 -DMW_GPU_MEMORY_MANAGER -DMODEL=model_subfuns_cuda_fused_mex -DMW_NEEDS_VERSION_H  -arch sm_90 -dlto -I "D:\Matlab_2026a/simulink/include" -I "D:\Matlab_2026a/toolbox/shared/simtargets" rt_nonfinite.cu -o build\win64\rt_nonfinite.obj
rt_nonfinite.cu
tmpxft_00007428_00000000-10_rt_nonfinite.cudafe1.cpp
[5/12] nvcc -c -rdc=true -Wno-deprecated-gpu-targets -Xcompiler "/wd 4819" -Xcompiler "/MD" -Xcudafe "--display_error_number --diag_suppress=2381 --diag_suppress=unsigned_compare_with_zero --diag_suppress=useless_type_qualifier_on_return_type" -D_GNU_SOURCE -DMATLAB_MEX_FILE --no-exceptions -Xcompiler "/EHa" -noprof -ldir "D:\Matlab_2026a/bin/win64" -Xcompiler "/utf-8" -I "." -I "D:\BaiduSyncdisk\working papers\Parallel computation with Mex\code_github\Code heteroAgents" -I "D:\Matlab_2026a\toolbox\gpucoder\src\gpucoderrt\export\include\gpucoderrt" -I "D:\Matlab_2026a\sys\cuda\win64\cuda\include" -I ".\interface" -I "D:\Matlab_2026a\extern\include" -I "." -DMW_CUDA_ARCH=900 -DMW_GPU_MEMORY_MANAGER -DMODEL=model_subfuns_cuda_fused_mex -DMW_NEEDS_VERSION_H  -arch sm_90 -dlto -I "D:\Matlab_2026a/simulink/include" -I "D:\Matlab_2026a/toolbox/shared/simtargets" model_subfuns_cuda_fused_data.cu -o build\win64\model_subfuns_cuda_fused_data.obj
model_subfuns_cuda_fused_data.cu
tmpxft_00005418_00000000-10_model_subfuns_cuda_fused_data.cudafe1.cpp
[6/12] nvcc -c -rdc=true -Wno-deprecated-gpu-targets -Xcompiler "/wd 4819" -Xcompiler "/MD" -Xcudafe "--display_error_number --diag_suppress=2381 --diag_suppress=unsigned_compare_with_zero --diag_suppress=useless_type_qualifier_on_return_type" -D_GNU_SOURCE -DMATLAB_MEX_FILE --no-exceptions -Xcompiler "/EHa" -noprof -ldir "D:\Matlab_2026a/bin/win64" -Xcompiler "/utf-8" -I "." -I "D:\BaiduSyncdisk\working papers\Parallel computation with Mex\code_github\Code heteroAgents" -I "D:\Matlab_2026a\toolbox\gpucoder\src\gpucoderrt\export\include\gpucoderrt" -I "D:\Matlab_2026a\sys\cuda\win64\cuda\include" -I ".\interface" -I "D:\Matlab_2026a\extern\include" -I "." -DMW_CUDA_ARCH=900 -DMW_GPU_MEMORY_MANAGER -DMODEL=model_subfuns_cuda_fused_mex -DMW_NEEDS_VERSION_H  -arch sm_90 -dlto -I "D:\Matlab_2026a/simulink/include" -I "D:\Matlab_2026a/toolbox/shared/simtargets" interface\_coder_model_subfuns_cuda_fused_api.cu -o build\win64\_coder_model_subfuns_cuda_fused_api.obj
_coder_model_subfuns_cuda_fused_api.cu
tmpxft_000025b0_00000000-10__coder_model_subfuns_cuda_fused_api.cudafe1.cpp
[7/12] nvcc -c -rdc=true -Wno-deprecated-gpu-targets -Xcompiler "/wd 4819" -Xcompiler "/MD" -Xcudafe "--display_error_number --diag_suppress=2381 --diag_suppress=unsigned_compare_with_zero --diag_suppress=useless_type_qualifier_on_return_type" -D_GNU_SOURCE -DMATLAB_MEX_FILE --no-exceptions -Xcompiler "/EHa" -noprof -ldir "D:\Matlab_2026a/bin/win64" -Xcompiler "/utf-8" -I "." -I "D:\BaiduSyncdisk\working papers\Parallel computation with Mex\code_github\Code heteroAgents" -I "D:\Matlab_2026a\toolbox\gpucoder\src\gpucoderrt\export\include\gpucoderrt" -I "D:\Matlab_2026a\sys\cuda\win64\cuda\include" -I ".\interface" -I "D:\Matlab_2026a\extern\include" -I "." -DMW_CUDA_ARCH=900 -DMW_GPU_MEMORY_MANAGER -DMODEL=model_subfuns_cuda_fused_mex -DMW_NEEDS_VERSION_H  -arch sm_90 -dlto -I "D:\Matlab_2026a/simulink/include" -I "D:\Matlab_2026a/toolbox/shared/simtargets" model_subfuns_cuda_fused_mexutil.cu -o build\win64\model_subfuns_cuda_fused_mexutil.obj
model_subfuns_cuda_fused_mexutil.cu
tmpxft_00006ddc_00000000-10_model_subfuns_cuda_fused_mexutil.cudafe1.cpp
[8/12] nvcc -c -rdc=true -Wno-deprecated-gpu-targets -Xcompiler "/wd 4819" -Xcompiler "/MD" -Xcudafe "--display_error_number --diag_suppress=2381 --diag_suppress=unsigned_compare_with_zero --diag_suppress=useless_type_qualifier_on_return_type" -D_GNU_SOURCE -DMATLAB_MEX_FILE --no-exceptions -Xcompiler "/EHa" -noprof -ldir "D:\Matlab_2026a/bin/win64" -Xcompiler "/utf-8" -I "." -I "D:\BaiduSyncdisk\working papers\Parallel computation with Mex\code_github\Code heteroAgents" -I "D:\Matlab_2026a\toolbox\gpucoder\src\gpucoderrt\export\include\gpucoderrt" -I "D:\Matlab_2026a\sys\cuda\win64\cuda\include" -I ".\interface" -I "D:\Matlab_2026a\extern\include" -I "." -DMW_CUDA_ARCH=900 -DMW_GPU_MEMORY_MANAGER -DMODEL=model_subfuns_cuda_fused_mex -DMW_NEEDS_VERSION_H  -arch sm_90 -dlto -I "D:\Matlab_2026a/simulink/include" -I "D:\Matlab_2026a/toolbox/shared/simtargets" model_subfuns_cuda_fused_initialize.cu -o build\win64\model_subfuns_cuda_fused_initialize.obj
model_subfuns_cuda_fused_initialize.cu
tmpxft_00003a48_00000000-10_model_subfuns_cuda_fused_initialize.cudafe1.cpp
[9/12] nvcc -c -rdc=true -Wno-deprecated-gpu-targets -Xcompiler "/wd 4819" -Xcompiler "/MD" -Xcudafe "--display_error_number --diag_suppress=2381 --diag_suppress=unsigned_compare_with_zero --diag_suppress=useless_type_qualifier_on_return_type" -D_GNU_SOURCE -DMATLAB_MEX_FILE --no-exceptions -Xcompiler "/EHa" -noprof -ldir "D:\Matlab_2026a/bin/win64" -Xcompiler "/utf-8" -I "." -I "D:\BaiduSyncdisk\working papers\Parallel computation with Mex\code_github\Code heteroAgents" -I "D:\Matlab_2026a\toolbox\gpucoder\src\gpucoderrt\export\include\gpucoderrt" -I "D:\Matlab_2026a\sys\cuda\win64\cuda\include" -I ".\interface" -I "D:\Matlab_2026a\extern\include" -I "." -DMW_CUDA_ARCH=900 -DMW_GPU_MEMORY_MANAGER -DMODEL=model_subfuns_cuda_fused_mex -DMW_NEEDS_VERSION_H  -arch sm_90 -dlto -I "D:\Matlab_2026a/simulink/include" -I "D:\Matlab_2026a/toolbox/shared/simtargets" interface\_coder_model_subfuns_cuda_fused_mex.cu -o build\win64\_coder_model_subfuns_cuda_fused_mex.obj
_coder_model_subfuns_cuda_fused_mex.cu
tmpxft_0000789c_00000000-10__coder_model_subfuns_cuda_fused_mex.cudafe1.cpp
[10/12] nvcc -c -rdc=true -Wno-deprecated-gpu-targets -Xcompiler "/wd 4819" -Xcompiler "/MD" -Xcudafe "--display_error_number --diag_suppress=2381 --diag_suppress=unsigned_compare_with_zero --diag_suppress=useless_type_qualifier_on_return_type" -D_GNU_SOURCE -DMATLAB_MEX_FILE --no-exceptions -Xcompiler "/EHa" -noprof -ldir "D:\Matlab_2026a/bin/win64" -Xcompiler "/utf-8" -I "." -I "D:\BaiduSyncdisk\working papers\Parallel computation with Mex\code_github\Code heteroAgents" -I "D:\Matlab_2026a\toolbox\gpucoder\src\gpucoderrt\export\include\gpucoderrt" -I "D:\Matlab_2026a\sys\cuda\win64\cuda\include" -I ".\interface" -I "D:\Matlab_2026a\extern\include" -I "." -DMW_CUDA_ARCH=900 -DMW_GPU_MEMORY_MANAGER -DMODEL=model_subfuns_cuda_fused_mex -DMW_NEEDS_VERSION_H  -arch sm_90 -dlto -I "D:\Matlab_2026a/simulink/include" -I "D:\Matlab_2026a/toolbox/shared/simtargets" model_subfuns_cuda_fused_terminate.cu -o build\win64\model_subfuns_cuda_fused_terminate.obj
model_subfuns_cuda_fused_terminate.cu
tmpxft_00005bb4_00000000-10_model_subfuns_cuda_fused_terminate.cudafe1.cpp
[11/12] nvcc -c -rdc=true -Wno-deprecated-gpu-targets -Xcompiler "/wd 4819" -Xcompiler "/MD" -Xcudafe "--display_error_number --diag_suppress=2381 --diag_suppress=unsigned_compare_with_zero --diag_suppress=useless_type_qualifier_on_return_type" -D_GNU_SOURCE -DMATLAB_MEX_FILE --no-exceptions -Xcompiler "/EHa" -noprof -ldir "D:\Matlab_2026a/bin/win64" -Xcompiler "/utf-8" -I "." -I "D:\BaiduSyncdisk\working papers\Parallel computation with Mex\code_github\Code heteroAgents" -I "D:\Matlab_2026a\toolbox\gpucoder\src\gpucoderrt\export\include\gpucoderrt" -I "D:\Matlab_2026a\sys\cuda\win64\cuda\include" -I ".\interface" -I "D:\Matlab_2026a\extern\include" -I "." -DMW_CUDA_ARCH=900 -DMW_GPU_MEMORY_MANAGER -DMODEL=model_subfuns_cuda_fused_mex -DMW_NEEDS_VERSION_H  -arch sm_90 -dlto -I "D:\Matlab_2026a/simulink/include" -I "D:\Matlab_2026a/toolbox/shared/simtargets" model_subfuns_cuda_fused.cu -o build\win64\model_subfuns_cuda_fused.obj
model_subfuns_cuda_fused.cu
tmpxft_000055bc_00000000-10_model_subfuns_cuda_fused.cudafe1.cpp
[12/12] nvcc  -Xlinker /nologo -Xlinker /DLL -L"D:\Matlab_2026a\extern\lib\win64\microsoft" libmx.lib libmex.lib libmat.lib kernel32.lib user32.lib gdi32.lib winspool.lib comdlg32.lib advapi32.lib shell32.lib ole32.lib oleaut32.lib uuid.lib odbc32.lib odbccp32.lib   -L"D:\Matlab_2026a\sys\cuda\win64\cuda\lib\x64" -L"D:\Matlab_2026a\bin\win64" libemlrt.lib libcovrt.lib libut.lib libmwmathutil.lib -L"D:\Matlab_2026a\lib\win64" gpucoderrt.lib -arch sm_90 -I"D:\Matlab_2026a\sys\cuda\win64\cuda\include" -lcublas -lcusolver -lcufft -lcurand -lcusparse -dlto -Xnvlink -w  -Wno-deprecated-gpu-targets -Xlinker /NODEFAULTLIB:libcmt.lib -o model_subfuns_cuda_fused_mex.mexw64 build\win64\MWCUBLASUtils.obj build\win64\model_subfuns_cuda_fused_data.obj build\win64\rt_nonfinite.obj build\win64\model_subfuns_cuda_fused_initialize.obj build\win64\model_subfuns_cuda_fused_terminate.obj build\win64\model_subfuns_cuda_fused.obj build\win64\_coder_model_subfuns_cuda_fused_api.obj build\win64\_coder_model_subfuns_cuda_fused_mex.obj build\win64\model_subfuns_cuda_fused_mexutil.obj build\win64\_coder_model_subfuns_cuda_fused_info.obj build\win64\cpp_mexapi_version.obj
libmx.lib
libmex.lib
libmat.lib
kernel32.lib
user32.lib
gdi32.lib
winspool.lib
comdlg32.lib
advapi32.lib
shell32.lib
ole32.lib
oleaut32.lib
uuid.lib
odbc32.lib
odbccp32.lib
libemlrt.lib
libcovrt.lib
libut.lib
libmwmathutil.lib
gpucoderrt.lib
MWCUBLASUtils.obj
model_subfuns_cuda_fused_data.obj
rt_nonfinite.obj
model_subfuns_cuda_fused_initialize.obj
model_subfuns_cuda_fused_terminate.obj
model_subfuns_cuda_fused.obj
_coder_model_subfuns_cuda_fused_api.obj
_coder_model_subfuns_cuda_fused_mex.obj
model_subfuns_cuda_fused_mexutil.obj
_coder_model_subfuns_cuda_fused_info.obj
cpp_mexapi_version.obj
   Creating library model_subfuns_cuda_fused_mex.lib and object model_subfuns_cuda_fused_mex.exp
